2025-11-16 18:45:11.307 +02:00 [ERR] Hosting failed to start
System.IO.IOException: Failed to bind to address https://127.0.0.1:7146: address already in use.
 ---> Microsoft.AspNetCore.Connections.AddressInUseException: Only one usage of each socket address (protocol/network address/port) is normally permitted.
 ---> System.Net.Sockets.SocketException (10048): Only one usage of each socket address (protocol/network address/port) is normally permitted.
   at System.Net.Sockets.Socket.UpdateStatusAfterSocketErrorAndThrowException(SocketError error, Boolean disconnectOnFailure, String callerName)
   at System.Net.Sockets.Socket.DoBind(EndPoint endPointSnapshot, SocketAddress socketAddress)
   at System.Net.Sockets.Socket.Bind(EndPoint localEP)
   at Microsoft.AspNetCore.Server.Kestrel.Transport.Sockets.SocketTransportOptions.CreateDefaultBoundListenSocket(EndPoint endpoint)
   at Microsoft.AspNetCore.Server.Kestrel.Transport.Sockets.SocketConnectionListener.Bind()
   --- End of inner exception stack trace ---
   at Microsoft.AspNetCore.Server.Kestrel.Transport.Sockets.SocketConnectionListener.Bind()
   at Microsoft.AspNetCore.Server.Kestrel.Transport.Sockets.SocketTransportFactory.BindAsync(EndPoint endpoint, CancellationToken cancellationToken)
   at Microsoft.AspNetCore.Server.Kestrel.Core.Internal.Infrastructure.TransportManager.BindAsync(EndPoint endPoint, ConnectionDelegate connectionDelegate, EndpointConfig endpointConfig, CancellationToken cancellationToken)
   at Microsoft.AspNetCore.Server.Kestrel.Core.KestrelServerImpl.<>c__DisplayClass28_0`1.<<StartAsync>g__OnBind|0>d.MoveNext()
--- End of stack trace from previous location ---
   at Microsoft.AspNetCore.Server.Kestrel.Core.Internal.AddressBinder.BindEndpointAsync(ListenOptions endpoint, AddressBindContext context, CancellationToken cancellationToken)
   --- End of inner exception stack trace ---
   at Microsoft.AspNetCore.Server.Kestrel.Core.Internal.AddressBinder.BindEndpointAsync(ListenOptions endpoint, AddressBindContext context, CancellationToken cancellationToken)
   at Microsoft.AspNetCore.Server.Kestrel.Core.LocalhostListenOptions.BindAsync(AddressBindContext context, CancellationToken cancellationToken)
   at Microsoft.AspNetCore.Server.Kestrel.Core.Internal.AddressBinder.AddressesStrategy.BindAsync(AddressBindContext context, CancellationToken cancellationToken)
   at Microsoft.AspNetCore.Server.Kestrel.Core.KestrelServerImpl.BindAsync(CancellationToken cancellationToken)
   at Microsoft.AspNetCore.Server.Kestrel.Core.KestrelServerImpl.StartAsync[TContext](IHttpApplication`1 application, CancellationToken cancellationToken)
   at Microsoft.AspNetCore.Hosting.GenericWebHostService.StartAsync(CancellationToken cancellationToken)
   at Microsoft.Extensions.Hosting.Internal.Host.<StartAsync>b__14_1(IHostedService service, CancellationToken token)
   at Microsoft.Extensions.Hosting.Internal.Host.ForeachService[T](IEnumerable`1 services, CancellationToken token, Boolean concurrent, Boolean abortOnFirstException, List`1 exceptions, Func`3 operation)
2025-11-16 18:50:44.414 +02:00 [INF] Now listening on: http://localhost:5017
2025-11-16 18:50:44.496 +02:00 [INF] Application started. Press Ctrl+C to shut down.
2025-11-16 18:50:44.499 +02:00 [INF] Hosting environment: Development
2025-11-16 18:50:44.501 +02:00 [INF] Content root path: C:\Users\Admin\Documents\projects\LibrarySystem\BorrowingService\BorrowingService.Api
2025-11-16 18:53:29.520 +02:00 [INF] Now listening on: http://localhost:5017
2025-11-16 18:53:29.573 +02:00 [INF] Application started. Press Ctrl+C to shut down.
2025-11-16 18:53:29.575 +02:00 [INF] Hosting environment: Development
2025-11-16 18:53:29.577 +02:00 [INF] Content root path: C:\Users\Admin\Documents\projects\LibrarySystem\BorrowingService\BorrowingService.Api
2025-11-16 18:55:51.994 +02:00 [INF] Now listening on: http://localhost:5017
2025-11-16 18:55:52.030 +02:00 [INF] Application started. Press Ctrl+C to shut down.
2025-11-16 18:55:52.032 +02:00 [INF] Hosting environment: Development
2025-11-16 18:55:52.034 +02:00 [INF] Content root path: C:\Users\Admin\Documents\projects\LibrarySystem\BorrowingService\BorrowingService.Api
2025-11-16 18:57:35.426 +02:00 [INF] Now listening on: http://localhost:5017
2025-11-16 18:57:35.483 +02:00 [INF] Application started. Press Ctrl+C to shut down.
2025-11-16 18:57:35.485 +02:00 [INF] Hosting environment: Development
2025-11-16 18:57:35.486 +02:00 [INF] Content root path: C:\Users\Admin\Documents\projects\LibrarySystem\BorrowingService\BorrowingService.Api
2025-11-16 19:00:44.173 +02:00 [INF] Now listening on: http://localhost:5017
2025-11-16 19:00:44.213 +02:00 [INF] Application started. Press Ctrl+C to shut down.
2025-11-16 19:00:44.216 +02:00 [INF] Hosting environment: Development
2025-11-16 19:00:44.217 +02:00 [INF] Content root path: C:\Users\Admin\Documents\projects\LibrarySystem\BorrowingService\BorrowingService.Api
2025-11-16 19:00:52.493 +02:00 [INF] Request starting HTTP/1.1 GET http://localhost:5017/api/readers - null null
2025-11-16 19:00:52.555 +02:00 [INF] Executing endpoint 'BorrowingService.Api.Controllers.ReadersController.GetAll (BorrowingService.Api)'
2025-11-16 19:00:52.583 +02:00 [INF] Route matched with {action = "GetAll", controller = "Readers"}. Executing controller action with signature System.Threading.Tasks.Task`1[Microsoft.AspNetCore.Mvc.IActionResult] GetAll() on controller BorrowingService.Api.Controllers.ReadersController (BorrowingService.Api).
2025-11-16 19:00:53.018 +02:00 [INF] Executing OkObjectResult, writing value of type 'System.Collections.Generic.List`1[[BorrowingService.Bll.Dtos.ReaderDto, BorrowingService.Bll, Version=1.0.0.0, Culture=neutral, PublicKeyToken=null]]'.
2025-11-16 19:00:53.055 +02:00 [INF] Executed action BorrowingService.Api.Controllers.ReadersController.GetAll (BorrowingService.Api) in 465.917ms
2025-11-16 19:00:53.058 +02:00 [INF] Request starting HTTP/1.1 GET http://localhost:5017/api/readers - null null
2025-11-16 19:00:53.068 +02:00 [INF] Executed endpoint 'BorrowingService.Api.Controllers.ReadersController.GetAll (BorrowingService.Api)'
2025-11-16 19:00:53.072 +02:00 [INF] Executing endpoint 'BorrowingService.Api.Controllers.ReadersController.GetAll (BorrowingService.Api)'
2025-11-16 19:00:53.074 +02:00 [INF] Route matched with {action = "GetAll", controller = "Readers"}. Executing controller action with signature System.Threading.Tasks.Task`1[Microsoft.AspNetCore.Mvc.IActionResult] GetAll() on controller BorrowingService.Api.Controllers.ReadersController (BorrowingService.Api).
2025-11-16 19:00:53.075 +02:00 [INF] Request finished HTTP/1.1 GET http://localhost:5017/api/readers - 200 null application/json; charset=utf-8 583.7193ms
2025-11-16 19:00:53.082 +02:00 [INF] Executing OkObjectResult, writing value of type 'System.Collections.Generic.List`1[[BorrowingService.Bll.Dtos.ReaderDto, BorrowingService.Bll, Version=1.0.0.0, Culture=neutral, PublicKeyToken=null]]'.
2025-11-16 19:00:53.085 +02:00 [INF] Executed action BorrowingService.Api.Controllers.ReadersController.GetAll (BorrowingService.Api) in 7.2603ms
2025-11-16 19:00:53.087 +02:00 [INF] Executed endpoint 'BorrowingService.Api.Controllers.ReadersController.GetAll (BorrowingService.Api)'
2025-11-16 19:00:53.089 +02:00 [INF] Request finished HTTP/1.1 GET http://localhost:5017/api/readers - 200 null application/json; charset=utf-8 30.5588ms
2025-11-16 19:01:47.826 +02:00 [INF] Request starting HTTP/1.1 GET http://localhost:5017/api/readers - null null
2025-11-16 19:01:47.833 +02:00 [INF] Executing endpoint 'BorrowingService.Api.Controllers.ReadersController.GetAll (BorrowingService.Api)'
2025-11-16 19:01:47.835 +02:00 [INF] Route matched with {action = "GetAll", controller = "Readers"}. Executing controller action with signature System.Threading.Tasks.Task`1[Microsoft.AspNetCore.Mvc.IActionResult] GetAll() on controller BorrowingService.Api.Controllers.ReadersController (BorrowingService.Api).
2025-11-16 19:01:47.842 +02:00 [INF] Executing OkObjectResult, writing value of type 'System.Collections.Generic.List`1[[BorrowingService.Bll.Dtos.ReaderDto, BorrowingService.Bll, Version=1.0.0.0, Culture=neutral, PublicKeyToken=null]]'.
2025-11-16 19:01:47.845 +02:00 [INF] Executed action BorrowingService.Api.Controllers.ReadersController.GetAll (BorrowingService.Api) in 5.81ms
2025-11-16 19:01:47.848 +02:00 [INF] Executed endpoint 'BorrowingService.Api.Controllers.ReadersController.GetAll (BorrowingService.Api)'
2025-11-16 19:01:47.850 +02:00 [INF] Request starting HTTP/1.1 GET http://localhost:5017/api/readers - null null
2025-11-16 19:01:47.850 +02:00 [INF] Request finished HTTP/1.1 GET http://localhost:5017/api/readers - 200 null application/json; charset=utf-8 24.3035ms
2025-11-16 19:01:47.857 +02:00 [INF] Executing endpoint 'BorrowingService.Api.Controllers.ReadersController.GetAll (BorrowingService.Api)'
2025-11-16 19:01:47.864 +02:00 [INF] Route matched with {action = "GetAll", controller = "Readers"}. Executing controller action with signature System.Threading.Tasks.Task`1[Microsoft.AspNetCore.Mvc.IActionResult] GetAll() on controller BorrowingService.Api.Controllers.ReadersController (BorrowingService.Api).
2025-11-16 19:01:47.868 +02:00 [INF] Executing OkObjectResult, writing value of type 'System.Collections.Generic.List`1[[BorrowingService.Bll.Dtos.ReaderDto, BorrowingService.Bll, Version=1.0.0.0, Culture=neutral, PublicKeyToken=null]]'.
2025-11-16 19:01:47.871 +02:00 [INF] Executed action BorrowingService.Api.Controllers.ReadersController.GetAll (BorrowingService.Api) in 4.4228ms
2025-11-16 19:01:47.875 +02:00 [INF] Executed endpoint 'BorrowingService.Api.Controllers.ReadersController.GetAll (BorrowingService.Api)'
2025-11-16 19:01:47.877 +02:00 [INF] Request finished HTTP/1.1 GET http://localhost:5017/api/readers - 200 null application/json; charset=utf-8 26.9117ms
2025-11-16 19:01:56.545 +02:00 [INF] Request starting HTTP/1.1 GET http://localhost:5017/api/readers - null null
2025-11-16 19:01:56.550 +02:00 [INF] Executing endpoint 'BorrowingService.Api.Controllers.ReadersController.GetAll (BorrowingService.Api)'
2025-11-16 19:01:56.553 +02:00 [INF] Route matched with {action = "GetAll", controller = "Readers"}. Executing controller action with signature System.Threading.Tasks.Task`1[Microsoft.AspNetCore.Mvc.IActionResult] GetAll() on controller BorrowingService.Api.Controllers.ReadersController (BorrowingService.Api).
2025-11-16 19:01:56.557 +02:00 [INF] Executing OkObjectResult, writing value of type 'System.Collections.Generic.List`1[[BorrowingService.Bll.Dtos.ReaderDto, BorrowingService.Bll, Version=1.0.0.0, Culture=neutral, PublicKeyToken=null]]'.
2025-11-16 19:01:56.560 +02:00 [INF] Executed action BorrowingService.Api.Controllers.ReadersController.GetAll (BorrowingService.Api) in 3.5457ms
2025-11-16 19:01:56.563 +02:00 [INF] Executed endpoint 'BorrowingService.Api.Controllers.ReadersController.GetAll (BorrowingService.Api)'
2025-11-16 19:01:56.565 +02:00 [INF] Request finished HTTP/1.1 GET http://localhost:5017/api/readers - 200 null application/json; charset=utf-8 20.2728ms
2025-11-16 19:01:56.565 +02:00 [INF] Request starting HTTP/1.1 GET http://localhost:5017/api/readers - null null
2025-11-16 19:01:56.576 +02:00 [INF] Executing endpoint 'BorrowingService.Api.Controllers.ReadersController.GetAll (BorrowingService.Api)'
2025-11-16 19:01:56.578 +02:00 [INF] Route matched with {action = "GetAll", controller = "Readers"}. Executing controller action with signature System.Threading.Tasks.Task`1[Microsoft.AspNetCore.Mvc.IActionResult] GetAll() on controller BorrowingService.Api.Controllers.ReadersController (BorrowingService.Api).
2025-11-16 19:01:56.583 +02:00 [INF] Executing OkObjectResult, writing value of type 'System.Collections.Generic.List`1[[BorrowingService.Bll.Dtos.ReaderDto, BorrowingService.Bll, Version=1.0.0.0, Culture=neutral, PublicKeyToken=null]]'.
2025-11-16 19:01:56.586 +02:00 [INF] Executed action BorrowingService.Api.Controllers.ReadersController.GetAll (BorrowingService.Api) in 4.4946ms
2025-11-16 19:01:56.590 +02:00 [INF] Executed endpoint 'BorrowingService.Api.Controllers.ReadersController.GetAll (BorrowingService.Api)'
2025-11-16 19:01:56.592 +02:00 [INF] Request finished HTTP/1.1 GET http://localhost:5017/api/readers - 200 null application/json; charset=utf-8 26.8742ms
2025-11-16 19:02:37.793 +02:00 [INF] Now listening on: http://localhost:5017
2025-11-16 19:02:37.850 +02:00 [INF] Application started. Press Ctrl+C to shut down.
2025-11-16 19:02:37.852 +02:00 [INF] Hosting environment: Development
2025-11-16 19:02:37.854 +02:00 [INF] Content root path: C:\Users\Admin\Documents\projects\LibrarySystem\BorrowingService\BorrowingService.Api
2025-11-16 19:02:44.188 +02:00 [INF] Request starting HTTP/1.1 GET http://localhost:5017/api/readers - null null
2025-11-16 19:02:44.272 +02:00 [INF] Executing endpoint 'BorrowingService.Api.Controllers.ReadersController.GetAll (BorrowingService.Api)'
2025-11-16 19:02:44.303 +02:00 [INF] Route matched with {action = "GetAll", controller = "Readers"}. Executing controller action with signature System.Threading.Tasks.Task`1[Microsoft.AspNetCore.Mvc.IActionResult] GetAll() on controller BorrowingService.Api.Controllers.ReadersController (BorrowingService.Api).
2025-11-16 19:02:44.830 +02:00 [INF] Executing OkObjectResult, writing value of type 'System.Collections.Generic.List`1[[BorrowingService.Bll.Dtos.ReaderDto, BorrowingService.Bll, Version=1.0.0.0, Culture=neutral, PublicKeyToken=null]]'.
2025-11-16 19:02:44.877 +02:00 [INF] Executed action BorrowingService.Api.Controllers.ReadersController.GetAll (BorrowingService.Api) in 565.445ms
2025-11-16 19:02:44.883 +02:00 [INF] Request starting HTTP/1.1 GET http://localhost:5017/api/readers - null null
2025-11-16 19:02:44.902 +02:00 [INF] Executed endpoint 'BorrowingService.Api.Controllers.ReadersController.GetAll (BorrowingService.Api)'
2025-11-16 19:02:44.908 +02:00 [INF] Executing endpoint 'BorrowingService.Api.Controllers.ReadersController.GetAll (BorrowingService.Api)'
2025-11-16 19:02:44.912 +02:00 [INF] Route matched with {action = "GetAll", controller = "Readers"}. Executing controller action with signature System.Threading.Tasks.Task`1[Microsoft.AspNetCore.Mvc.IActionResult] GetAll() on controller BorrowingService.Api.Controllers.ReadersController (BorrowingService.Api).
2025-11-16 19:02:44.914 +02:00 [INF] Request finished HTTP/1.1 GET http://localhost:5017/api/readers - 200 null application/json; charset=utf-8 728.7047ms
2025-11-16 19:02:44.931 +02:00 [INF] Executing OkObjectResult, writing value of type 'System.Collections.Generic.List`1[[BorrowingService.Bll.Dtos.ReaderDto, BorrowingService.Bll, Version=1.0.0.0, Culture=neutral, PublicKeyToken=null]]'.
2025-11-16 19:02:44.936 +02:00 [INF] Executed action BorrowingService.Api.Controllers.ReadersController.GetAll (BorrowingService.Api) in 10.5638ms
2025-11-16 19:02:44.938 +02:00 [INF] Executed endpoint 'BorrowingService.Api.Controllers.ReadersController.GetAll (BorrowingService.Api)'
2025-11-16 19:02:44.940 +02:00 [INF] Request finished HTTP/1.1 GET http://localhost:5017/api/readers - 200 null application/json; charset=utf-8 57.806ms
2025-11-16 19:03:06.973 +02:00 [INF] Request starting HTTP/1.1 GET http://localhost:5017/api/readers - null null
2025-11-16 19:03:06.974 +02:00 [INF] Request starting HTTP/1.1 GET http://localhost:5017/api/books - null null
2025-11-16 19:03:06.986 +02:00 [INF] Executing endpoint 'BorrowingService.Api.Controllers.ReadersController.GetAll (BorrowingService.Api)'
2025-11-16 19:03:06.988 +02:00 [INF] Executing endpoint 'BorrowingService.Api.Controllers.BooksController.GetAll (BorrowingService.Api)'
2025-11-16 19:03:06.991 +02:00 [INF] Route matched with {action = "GetAll", controller = "Readers"}. Executing controller action with signature System.Threading.Tasks.Task`1[Microsoft.AspNetCore.Mvc.IActionResult] GetAll() on controller BorrowingService.Api.Controllers.ReadersController (BorrowingService.Api).
2025-11-16 19:03:07.001 +02:00 [INF] Route matched with {action = "GetAll", controller = "Books"}. Executing controller action with signature System.Threading.Tasks.Task`1[Microsoft.AspNetCore.Mvc.IActionResult] GetAll() on controller BorrowingService.Api.Controllers.BooksController (BorrowingService.Api).
2025-11-16 19:03:07.002 +02:00 [INF] Executing OkObjectResult, writing value of type 'System.Collections.Generic.List`1[[BorrowingService.Bll.Dtos.ReaderDto, BorrowingService.Bll, Version=1.0.0.0, Culture=neutral, PublicKeyToken=null]]'.
2025-11-16 19:03:07.011 +02:00 [INF] Executed action BorrowingService.Api.Controllers.ReadersController.GetAll (BorrowingService.Api) in 12.7496ms
2025-11-16 19:03:07.015 +02:00 [INF] Executed endpoint 'BorrowingService.Api.Controllers.ReadersController.GetAll (BorrowingService.Api)'
2025-11-16 19:03:07.017 +02:00 [INF] Request starting HTTP/1.1 GET http://localhost:5017/api/readers - null null
2025-11-16 19:03:07.018 +02:00 [INF] Request finished HTTP/1.1 GET http://localhost:5017/api/readers - 200 null application/json; charset=utf-8 44.4717ms
2025-11-16 19:03:07.024 +02:00 [INF] Executing endpoint 'BorrowingService.Api.Controllers.ReadersController.GetAll (BorrowingService.Api)'
2025-11-16 19:03:07.034 +02:00 [INF] Route matched with {action = "GetAll", controller = "Readers"}. Executing controller action with signature System.Threading.Tasks.Task`1[Microsoft.AspNetCore.Mvc.IActionResult] GetAll() on controller BorrowingService.Api.Controllers.ReadersController (BorrowingService.Api).
2025-11-16 19:03:07.071 +02:00 [INF] Executing OkObjectResult, writing value of type 'System.Collections.Generic.List`1[[BorrowingService.Bll.Dtos.BookDto, BorrowingService.Bll, Version=1.0.0.0, Culture=neutral, PublicKeyToken=null]]'.
2025-11-16 19:03:07.080 +02:00 [INF] Executed action BorrowingService.Api.Controllers.BooksController.GetAll (BorrowingService.Api) in 73.7039ms
2025-11-16 19:03:07.083 +02:00 [INF] Executed endpoint 'BorrowingService.Api.Controllers.BooksController.GetAll (BorrowingService.Api)'
2025-11-16 19:03:07.084 +02:00 [INF] Request starting HTTP/1.1 GET http://localhost:5017/api/books - null null
2025-11-16 19:03:07.086 +02:00 [INF] Request finished HTTP/1.1 GET http://localhost:5017/api/books - 200 null application/json; charset=utf-8 111.3388ms
2025-11-16 19:03:07.091 +02:00 [INF] Executing endpoint 'BorrowingService.Api.Controllers.BooksController.GetAll (BorrowingService.Api)'
2025-11-16 19:03:07.099 +02:00 [INF] Route matched with {action = "GetAll", controller = "Books"}. Executing controller action with signature System.Threading.Tasks.Task`1[Microsoft.AspNetCore.Mvc.IActionResult] GetAll() on controller BorrowingService.Api.Controllers.BooksController (BorrowingService.Api).
2025-11-16 19:03:07.103 +02:00 [INF] Executing OkObjectResult, writing value of type 'System.Collections.Generic.List`1[[BorrowingService.Bll.Dtos.ReaderDto, BorrowingService.Bll, Version=1.0.0.0, Culture=neutral, PublicKeyToken=null]]'.
2025-11-16 19:03:07.104 +02:00 [INF] Executing OkObjectResult, writing value of type 'System.Collections.Generic.List`1[[BorrowingService.Bll.Dtos.BookDto, BorrowingService.Bll, Version=1.0.0.0, Culture=neutral, PublicKeyToken=null]]'.
2025-11-16 19:03:07.106 +02:00 [INF] Executed action BorrowingService.Api.Controllers.ReadersController.GetAll (BorrowingService.Api) in 67.5624ms
2025-11-16 19:03:07.109 +02:00 [INF] Executed action BorrowingService.Api.Controllers.BooksController.GetAll (BorrowingService.Api) in 7.1546ms
2025-11-16 19:03:07.113 +02:00 [INF] Executed endpoint 'BorrowingService.Api.Controllers.ReadersController.GetAll (BorrowingService.Api)'
2025-11-16 19:03:07.116 +02:00 [INF] Executed endpoint 'BorrowingService.Api.Controllers.BooksController.GetAll (BorrowingService.Api)'
2025-11-16 19:03:07.119 +02:00 [INF] Request finished HTTP/1.1 GET http://localhost:5017/api/readers - 200 null application/json; charset=utf-8 101.7691ms
2025-11-16 19:03:07.122 +02:00 [INF] Request finished HTTP/1.1 GET http://localhost:5017/api/books - 200 null application/json; charset=utf-8 37.8833ms
2025-11-16 19:03:08.979 +02:00 [INF] Request starting HTTP/1.1 GET http://localhost:5017/api/borrowings - null null
2025-11-16 19:03:08.985 +02:00 [INF] Executing endpoint 'BorrowingService.Api.Controllers.BorrowingsController.GetAll (BorrowingService.Api)'
2025-11-16 19:03:08.995 +02:00 [INF] Route matched with {action = "GetAll", controller = "Borrowings"}. Executing controller action with signature System.Threading.Tasks.Task`1[Microsoft.AspNetCore.Mvc.IActionResult] GetAll() on controller BorrowingService.Api.Controllers.BorrowingsController (BorrowingService.Api).
2025-11-16 19:03:09.012 +02:00 [INF] Executing OkObjectResult, writing value of type 'System.Collections.Generic.List`1[[BorrowingService.Bll.Dtos.BorrowingDto, BorrowingService.Bll, Version=1.0.0.0, Culture=neutral, PublicKeyToken=null]]'.
2025-11-16 19:03:09.023 +02:00 [INF] Executed action BorrowingService.Api.Controllers.BorrowingsController.GetAll (BorrowingService.Api) in 23.4329ms
2025-11-16 19:03:09.030 +02:00 [INF] Request starting HTTP/1.1 GET http://localhost:5017/api/borrowings - null null
2025-11-16 19:03:09.030 +02:00 [INF] Executed endpoint 'BorrowingService.Api.Controllers.BorrowingsController.GetAll (BorrowingService.Api)'
2025-11-16 19:03:09.036 +02:00 [INF] Executing endpoint 'BorrowingService.Api.Controllers.BorrowingsController.GetAll (BorrowingService.Api)'
2025-11-16 19:03:09.038 +02:00 [INF] Request finished HTTP/1.1 GET http://localhost:5017/api/borrowings - 200 null application/json; charset=utf-8 58.3435ms
2025-11-16 19:03:09.040 +02:00 [INF] Route matched with {action = "GetAll", controller = "Borrowings"}. Executing controller action with signature System.Threading.Tasks.Task`1[Microsoft.AspNetCore.Mvc.IActionResult] GetAll() on controller BorrowingService.Api.Controllers.BorrowingsController (BorrowingService.Api).
2025-11-16 19:03:09.054 +02:00 [INF] Executing OkObjectResult, writing value of type 'System.Collections.Generic.List`1[[BorrowingService.Bll.Dtos.BorrowingDto, BorrowingService.Bll, Version=1.0.0.0, Culture=neutral, PublicKeyToken=null]]'.
2025-11-16 19:03:09.056 +02:00 [INF] Executed action BorrowingService.Api.Controllers.BorrowingsController.GetAll (BorrowingService.Api) in 6.1716ms
2025-11-16 19:03:09.063 +02:00 [INF] Executed endpoint 'BorrowingService.Api.Controllers.BorrowingsController.GetAll (BorrowingService.Api)'
2025-11-16 19:03:09.066 +02:00 [INF] Request finished HTTP/1.1 GET http://localhost:5017/api/borrowings - 200 null application/json; charset=utf-8 35.6586ms
2025-11-16 19:03:12.409 +02:00 [INF] Request starting HTTP/1.1 GET http://localhost:5017/api/readers - null null
2025-11-16 19:03:12.415 +02:00 [INF] Executing endpoint 'BorrowingService.Api.Controllers.ReadersController.GetAll (BorrowingService.Api)'
2025-11-16 19:03:12.417 +02:00 [INF] Route matched with {action = "GetAll", controller = "Readers"}. Executing controller action with signature System.Threading.Tasks.Task`1[Microsoft.AspNetCore.Mvc.IActionResult] GetAll() on controller BorrowingService.Api.Controllers.ReadersController (BorrowingService.Api).
2025-11-16 19:03:12.421 +02:00 [INF] Executing OkObjectResult, writing value of type 'System.Collections.Generic.List`1[[BorrowingService.Bll.Dtos.ReaderDto, BorrowingService.Bll, Version=1.0.0.0, Culture=neutral, PublicKeyToken=null]]'.
2025-11-16 19:03:12.424 +02:00 [INF] Executed action BorrowingService.Api.Controllers.ReadersController.GetAll (BorrowingService.Api) in 4.2014ms
2025-11-16 19:03:12.431 +02:00 [INF] Executed endpoint 'BorrowingService.Api.Controllers.ReadersController.GetAll (BorrowingService.Api)'
2025-11-16 19:03:12.432 +02:00 [INF] Request starting HTTP/1.1 GET http://localhost:5017/api/readers - null null
2025-11-16 19:03:12.434 +02:00 [INF] Request finished HTTP/1.1 GET http://localhost:5017/api/readers - 200 null application/json; charset=utf-8 24.8248ms
2025-11-16 19:03:12.440 +02:00 [INF] Executing endpoint 'BorrowingService.Api.Controllers.ReadersController.GetAll (BorrowingService.Api)'
2025-11-16 19:03:12.449 +02:00 [INF] Route matched with {action = "GetAll", controller = "Readers"}. Executing controller action with signature System.Threading.Tasks.Task`1[Microsoft.AspNetCore.Mvc.IActionResult] GetAll() on controller BorrowingService.Api.Controllers.ReadersController (BorrowingService.Api).
2025-11-16 19:03:12.453 +02:00 [INF] Executing OkObjectResult, writing value of type 'System.Collections.Generic.List`1[[BorrowingService.Bll.Dtos.ReaderDto, BorrowingService.Bll, Version=1.0.0.0, Culture=neutral, PublicKeyToken=null]]'.
2025-11-16 19:03:12.456 +02:00 [INF] Executed action BorrowingService.Api.Controllers.ReadersController.GetAll (BorrowingService.Api) in 4.0428ms
2025-11-16 19:03:12.460 +02:00 [INF] Executed endpoint 'BorrowingService.Api.Controllers.ReadersController.GetAll (BorrowingService.Api)'
2025-11-16 19:03:12.462 +02:00 [INF] Request finished HTTP/1.1 GET http://localhost:5017/api/readers - 200 null application/json; charset=utf-8 30.8207ms
2025-11-16 19:03:13.861 +02:00 [INF] Request starting HTTP/1.1 GET http://localhost:5017/api/borrowings - null null
2025-11-16 19:03:13.869 +02:00 [INF] Executing endpoint 'BorrowingService.Api.Controllers.BorrowingsController.GetAll (BorrowingService.Api)'
2025-11-16 19:03:13.872 +02:00 [INF] Route matched with {action = "GetAll", controller = "Borrowings"}. Executing controller action with signature System.Threading.Tasks.Task`1[Microsoft.AspNetCore.Mvc.IActionResult] GetAll() on controller BorrowingService.Api.Controllers.BorrowingsController (BorrowingService.Api).
2025-11-16 19:03:13.880 +02:00 [INF] Executing OkObjectResult, writing value of type 'System.Collections.Generic.List`1[[BorrowingService.Bll.Dtos.BorrowingDto, BorrowingService.Bll, Version=1.0.0.0, Culture=neutral, PublicKeyToken=null]]'.
2025-11-16 19:03:13.883 +02:00 [INF] Executed action BorrowingService.Api.Controllers.BorrowingsController.GetAll (BorrowingService.Api) in 5.8885ms
2025-11-16 19:03:13.887 +02:00 [INF] Executed endpoint 'BorrowingService.Api.Controllers.BorrowingsController.GetAll (BorrowingService.Api)'
2025-11-16 19:03:13.889 +02:00 [INF] Request starting HTTP/1.1 GET http://localhost:5017/api/borrowings - null null
2025-11-16 19:03:13.890 +02:00 [INF] Request finished HTTP/1.1 GET http://localhost:5017/api/borrowings - 200 null application/json; charset=utf-8 29.5464ms
2025-11-16 19:03:13.896 +02:00 [INF] Executing endpoint 'BorrowingService.Api.Controllers.BorrowingsController.GetAll (BorrowingService.Api)'
2025-11-16 19:03:13.907 +02:00 [INF] Route matched with {action = "GetAll", controller = "Borrowings"}. Executing controller action with signature System.Threading.Tasks.Task`1[Microsoft.AspNetCore.Mvc.IActionResult] GetAll() on controller BorrowingService.Api.Controllers.BorrowingsController (BorrowingService.Api).
2025-11-16 19:03:13.912 +02:00 [INF] Executing OkObjectResult, writing value of type 'System.Collections.Generic.List`1[[BorrowingService.Bll.Dtos.BorrowingDto, BorrowingService.Bll, Version=1.0.0.0, Culture=neutral, PublicKeyToken=null]]'.
2025-11-16 19:03:13.915 +02:00 [INF] Executed action BorrowingService.Api.Controllers.BorrowingsController.GetAll (BorrowingService.Api) in 4.5109ms
2025-11-16 19:03:13.918 +02:00 [INF] Executed endpoint 'BorrowingService.Api.Controllers.BorrowingsController.GetAll (BorrowingService.Api)'
2025-11-16 19:03:13.920 +02:00 [INF] Request finished HTTP/1.1 GET http://localhost:5017/api/borrowings - 200 null application/json; charset=utf-8 31.3108ms
2025-11-16 19:03:17.764 +02:00 [INF] Request starting HTTP/1.1 GET http://localhost:5017/api/readers - null null
2025-11-16 19:03:17.771 +02:00 [INF] Executing endpoint 'BorrowingService.Api.Controllers.ReadersController.GetAll (BorrowingService.Api)'
2025-11-16 19:03:17.774 +02:00 [INF] Route matched with {action = "GetAll", controller = "Readers"}. Executing controller action with signature System.Threading.Tasks.Task`1[Microsoft.AspNetCore.Mvc.IActionResult] GetAll() on controller BorrowingService.Api.Controllers.ReadersController (BorrowingService.Api).
2025-11-16 19:03:17.780 +02:00 [INF] Executing OkObjectResult, writing value of type 'System.Collections.Generic.List`1[[BorrowingService.Bll.Dtos.ReaderDto, BorrowingService.Bll, Version=1.0.0.0, Culture=neutral, PublicKeyToken=null]]'.
2025-11-16 19:03:17.785 +02:00 [INF] Executed action BorrowingService.Api.Controllers.ReadersController.GetAll (BorrowingService.Api) in 5.5696ms
2025-11-16 19:03:17.787 +02:00 [INF] Executed endpoint 'BorrowingService.Api.Controllers.ReadersController.GetAll (BorrowingService.Api)'
2025-11-16 19:03:17.789 +02:00 [INF] Request starting HTTP/1.1 GET http://localhost:5017/api/readers - null null
2025-11-16 19:03:17.790 +02:00 [INF] Request finished HTTP/1.1 GET http://localhost:5017/api/readers - 200 null application/json; charset=utf-8 26.3207ms
2025-11-16 19:03:17.796 +02:00 [INF] Executing endpoint 'BorrowingService.Api.Controllers.ReadersController.GetAll (BorrowingService.Api)'
2025-11-16 19:03:17.809 +02:00 [INF] Route matched with {action = "GetAll", controller = "Readers"}. Executing controller action with signature System.Threading.Tasks.Task`1[Microsoft.AspNetCore.Mvc.IActionResult] GetAll() on controller BorrowingService.Api.Controllers.ReadersController (BorrowingService.Api).
2025-11-16 19:03:17.815 +02:00 [INF] Executing OkObjectResult, writing value of type 'System.Collections.Generic.List`1[[BorrowingService.Bll.Dtos.ReaderDto, BorrowingService.Bll, Version=1.0.0.0, Culture=neutral, PublicKeyToken=null]]'.
2025-11-16 19:03:17.819 +02:00 [INF] Executed action BorrowingService.Api.Controllers.ReadersController.GetAll (BorrowingService.Api) in 5.7703ms
2025-11-16 19:03:17.823 +02:00 [INF] Executed endpoint 'BorrowingService.Api.Controllers.ReadersController.GetAll (BorrowingService.Api)'
2025-11-16 19:03:17.827 +02:00 [INF] Request finished HTTP/1.1 GET http://localhost:5017/api/readers - 200 null application/json; charset=utf-8 38.1374ms
2025-11-16 19:03:20.218 +02:00 [INF] Request starting HTTP/1.1 GET http://localhost:5017/api/borrowings - null null
2025-11-16 19:03:20.223 +02:00 [INF] Executing endpoint 'BorrowingService.Api.Controllers.BorrowingsController.GetAll (BorrowingService.Api)'
2025-11-16 19:03:20.228 +02:00 [INF] Route matched with {action = "GetAll", controller = "Borrowings"}. Executing controller action with signature System.Threading.Tasks.Task`1[Microsoft.AspNetCore.Mvc.IActionResult] GetAll() on controller BorrowingService.Api.Controllers.BorrowingsController (BorrowingService.Api).
2025-11-16 19:03:20.233 +02:00 [INF] Executing OkObjectResult, writing value of type 'System.Collections.Generic.List`1[[BorrowingService.Bll.Dtos.BorrowingDto, BorrowingService.Bll, Version=1.0.0.0, Culture=neutral, PublicKeyToken=null]]'.
2025-11-16 19:03:20.236 +02:00 [INF] Executed action BorrowingService.Api.Controllers.BorrowingsController.GetAll (BorrowingService.Api) in 4.8706ms
2025-11-16 19:03:20.239 +02:00 [INF] Executed endpoint 'BorrowingService.Api.Controllers.BorrowingsController.GetAll (BorrowingService.Api)'
2025-11-16 19:03:20.240 +02:00 [INF] Request finished HTTP/1.1 GET http://localhost:5017/api/borrowings - 200 null application/json; charset=utf-8 21.9672ms
2025-11-16 19:03:20.240 +02:00 [INF] Request starting HTTP/1.1 GET http://localhost:5017/api/borrowings - null null
2025-11-16 19:03:20.265 +02:00 [INF] Executing endpoint 'BorrowingService.Api.Controllers.BorrowingsController.GetAll (BorrowingService.Api)'
2025-11-16 19:03:20.268 +02:00 [INF] Route matched with {action = "GetAll", controller = "Borrowings"}. Executing controller action with signature System.Threading.Tasks.Task`1[Microsoft.AspNetCore.Mvc.IActionResult] GetAll() on controller BorrowingService.Api.Controllers.BorrowingsController (BorrowingService.Api).
2025-11-16 19:03:20.274 +02:00 [INF] Executing OkObjectResult, writing value of type 'System.Collections.Generic.List`1[[BorrowingService.Bll.Dtos.BorrowingDto, BorrowingService.Bll, Version=1.0.0.0, Culture=neutral, PublicKeyToken=null]]'.
2025-11-16 19:03:20.281 +02:00 [INF] Executed action BorrowingService.Api.Controllers.BorrowingsController.GetAll (BorrowingService.Api) in 8.6829ms
2025-11-16 19:03:20.286 +02:00 [INF] Executed endpoint 'BorrowingService.Api.Controllers.BorrowingsController.GetAll (BorrowingService.Api)'
2025-11-16 19:03:20.288 +02:00 [INF] Request finished HTTP/1.1 GET http://localhost:5017/api/borrowings - 200 null application/json; charset=utf-8 47.1567ms
2025-11-16 19:03:23.837 +02:00 [INF] Request starting HTTP/1.1 GET http://localhost:5017/api/readers - null null
2025-11-16 19:03:23.838 +02:00 [INF] Request starting HTTP/1.1 GET http://localhost:5017/api/books - null null
2025-11-16 19:03:23.844 +02:00 [INF] Executing endpoint 'BorrowingService.Api.Controllers.ReadersController.GetAll (BorrowingService.Api)'
2025-11-16 19:03:23.850 +02:00 [INF] Executing endpoint 'BorrowingService.Api.Controllers.BooksController.GetAll (BorrowingService.Api)'
2025-11-16 19:03:23.852 +02:00 [INF] Route matched with {action = "GetAll", controller = "Readers"}. Executing controller action with signature System.Threading.Tasks.Task`1[Microsoft.AspNetCore.Mvc.IActionResult] GetAll() on controller BorrowingService.Api.Controllers.ReadersController (BorrowingService.Api).
2025-11-16 19:03:23.853 +02:00 [INF] Route matched with {action = "GetAll", controller = "Books"}. Executing controller action with signature System.Threading.Tasks.Task`1[Microsoft.AspNetCore.Mvc.IActionResult] GetAll() on controller BorrowingService.Api.Controllers.BooksController (BorrowingService.Api).
2025-11-16 19:03:23.857 +02:00 [INF] Executing OkObjectResult, writing value of type 'System.Collections.Generic.List`1[[BorrowingService.Bll.Dtos.ReaderDto, BorrowingService.Bll, Version=1.0.0.0, Culture=neutral, PublicKeyToken=null]]'.
2025-11-16 19:03:23.865 +02:00 [INF] Executed action BorrowingService.Api.Controllers.ReadersController.GetAll (BorrowingService.Api) in 9.2005ms
2025-11-16 19:03:23.866 +02:00 [INF] Executing OkObjectResult, writing value of type 'System.Collections.Generic.List`1[[BorrowingService.Bll.Dtos.BookDto, BorrowingService.Bll, Version=1.0.0.0, Culture=neutral, PublicKeyToken=null]]'.
2025-11-16 19:03:23.868 +02:00 [INF] Executed endpoint 'BorrowingService.Api.Controllers.ReadersController.GetAll (BorrowingService.Api)'
2025-11-16 19:03:23.869 +02:00 [INF] Request starting HTTP/1.1 GET http://localhost:5017/api/readers - null null
2025-11-16 19:03:23.870 +02:00 [INF] Executed action BorrowingService.Api.Controllers.BooksController.GetAll (BorrowingService.Api) in 8.0894ms
2025-11-16 19:03:23.872 +02:00 [INF] Request finished HTTP/1.1 GET http://localhost:5017/api/readers - 200 null application/json; charset=utf-8 34.3092ms
2025-11-16 19:03:23.878 +02:00 [INF] Request starting HTTP/1.1 GET http://localhost:5017/api/books - null null
2025-11-16 19:03:23.881 +02:00 [INF] Executing endpoint 'BorrowingService.Api.Controllers.ReadersController.GetAll (BorrowingService.Api)'
2025-11-16 19:03:23.883 +02:00 [INF] Executed endpoint 'BorrowingService.Api.Controllers.BooksController.GetAll (BorrowingService.Api)'
2025-11-16 19:03:23.902 +02:00 [INF] Executing endpoint 'BorrowingService.Api.Controllers.BooksController.GetAll (BorrowingService.Api)'
2025-11-16 19:03:23.904 +02:00 [INF] Route matched with {action = "GetAll", controller = "Readers"}. Executing controller action with signature System.Threading.Tasks.Task`1[Microsoft.AspNetCore.Mvc.IActionResult] GetAll() on controller BorrowingService.Api.Controllers.ReadersController (BorrowingService.Api).
2025-11-16 19:03:23.907 +02:00 [INF] Request finished HTTP/1.1 GET http://localhost:5017/api/books - 200 null application/json; charset=utf-8 69.188ms
2025-11-16 19:03:23.916 +02:00 [INF] Route matched with {action = "GetAll", controller = "Books"}. Executing controller action with signature System.Threading.Tasks.Task`1[Microsoft.AspNetCore.Mvc.IActionResult] GetAll() on controller BorrowingService.Api.Controllers.BooksController (BorrowingService.Api).
2025-11-16 19:03:23.921 +02:00 [INF] Executing OkObjectResult, writing value of type 'System.Collections.Generic.List`1[[BorrowingService.Bll.Dtos.ReaderDto, BorrowingService.Bll, Version=1.0.0.0, Culture=neutral, PublicKeyToken=null]]'.
2025-11-16 19:03:23.935 +02:00 [INF] Executing OkObjectResult, writing value of type 'System.Collections.Generic.List`1[[BorrowingService.Bll.Dtos.BookDto, BorrowingService.Bll, Version=1.0.0.0, Culture=neutral, PublicKeyToken=null]]'.
2025-11-16 19:03:23.937 +02:00 [INF] Executed action BorrowingService.Api.Controllers.ReadersController.GetAll (BorrowingService.Api) in 17.3781ms
2025-11-16 19:03:23.944 +02:00 [INF] Executed action BorrowingService.Api.Controllers.BooksController.GetAll (BorrowingService.Api) in 10.1368ms
2025-11-16 19:03:23.947 +02:00 [INF] Executed endpoint 'BorrowingService.Api.Controllers.ReadersController.GetAll (BorrowingService.Api)'
2025-11-16 19:03:23.950 +02:00 [INF] Executed endpoint 'BorrowingService.Api.Controllers.BooksController.GetAll (BorrowingService.Api)'
2025-11-16 19:03:23.952 +02:00 [INF] Request finished HTTP/1.1 GET http://localhost:5017/api/readers - 200 null application/json; charset=utf-8 82.8278ms
2025-11-16 19:03:23.955 +02:00 [INF] Request finished HTTP/1.1 GET http://localhost:5017/api/books - 200 null application/json; charset=utf-8 76.8555ms
2025-11-16 19:03:25.402 +02:00 [INF] Request starting HTTP/1.1 GET http://localhost:5017/api/readers - null null
2025-11-16 19:03:25.402 +02:00 [INF] Request starting HTTP/1.1 GET http://localhost:5017/api/books - null null
2025-11-16 19:03:25.406 +02:00 [INF] Executing endpoint 'BorrowingService.Api.Controllers.ReadersController.GetAll (BorrowingService.Api)'
2025-11-16 19:03:25.411 +02:00 [INF] Executing endpoint 'BorrowingService.Api.Controllers.BooksController.GetAll (BorrowingService.Api)'
2025-11-16 19:03:25.412 +02:00 [INF] Route matched with {action = "GetAll", controller = "Readers"}. Executing controller action with signature System.Threading.Tasks.Task`1[Microsoft.AspNetCore.Mvc.IActionResult] GetAll() on controller BorrowingService.Api.Controllers.ReadersController (BorrowingService.Api).
2025-11-16 19:03:25.414 +02:00 [INF] Route matched with {action = "GetAll", controller = "Books"}. Executing controller action with signature System.Threading.Tasks.Task`1[Microsoft.AspNetCore.Mvc.IActionResult] GetAll() on controller BorrowingService.Api.Controllers.BooksController (BorrowingService.Api).
2025-11-16 19:03:25.418 +02:00 [INF] Executing OkObjectResult, writing value of type 'System.Collections.Generic.List`1[[BorrowingService.Bll.Dtos.ReaderDto, BorrowingService.Bll, Version=1.0.0.0, Culture=neutral, PublicKeyToken=null]]'.
2025-11-16 19:03:25.420 +02:00 [INF] Executing OkObjectResult, writing value of type 'System.Collections.Generic.List`1[[BorrowingService.Bll.Dtos.BookDto, BorrowingService.Bll, Version=1.0.0.0, Culture=neutral, PublicKeyToken=null]]'.
2025-11-16 19:03:25.421 +02:00 [INF] Executed action BorrowingService.Api.Controllers.ReadersController.GetAll (BorrowingService.Api) in 4.5787ms
2025-11-16 19:03:25.424 +02:00 [INF] Executed action BorrowingService.Api.Controllers.BooksController.GetAll (BorrowingService.Api) in 4.0413ms
2025-11-16 19:03:25.431 +02:00 [INF] Executed endpoint 'BorrowingService.Api.Controllers.ReadersController.GetAll (BorrowingService.Api)'
2025-11-16 19:03:25.428 +02:00 [INF] Request starting HTTP/1.1 GET http://localhost:5017/api/readers - null null
2025-11-16 19:03:25.433 +02:00 [INF] Request starting HTTP/1.1 GET http://localhost:5017/api/books - null null
2025-11-16 19:03:25.434 +02:00 [INF] Executed endpoint 'BorrowingService.Api.Controllers.BooksController.GetAll (BorrowingService.Api)'
2025-11-16 19:03:25.436 +02:00 [INF] Request finished HTTP/1.1 GET http://localhost:5017/api/readers - 200 null application/json; charset=utf-8 33.7834ms
2025-11-16 19:03:25.440 +02:00 [INF] Executing endpoint 'BorrowingService.Api.Controllers.ReadersController.GetAll (BorrowingService.Api)'
2025-11-16 19:03:25.446 +02:00 [INF] Executing endpoint 'BorrowingService.Api.Controllers.BooksController.GetAll (BorrowingService.Api)'
2025-11-16 19:03:25.448 +02:00 [INF] Request finished HTTP/1.1 GET http://localhost:5017/api/books - 200 null application/json; charset=utf-8 45.5855ms
2025-11-16 19:03:25.455 +02:00 [INF] Route matched with {action = "GetAll", controller = "Readers"}. Executing controller action with signature System.Threading.Tasks.Task`1[Microsoft.AspNetCore.Mvc.IActionResult] GetAll() on controller BorrowingService.Api.Controllers.ReadersController (BorrowingService.Api).
2025-11-16 19:03:25.456 +02:00 [INF] Route matched with {action = "GetAll", controller = "Books"}. Executing controller action with signature System.Threading.Tasks.Task`1[Microsoft.AspNetCore.Mvc.IActionResult] GetAll() on controller BorrowingService.Api.Controllers.BooksController (BorrowingService.Api).
2025-11-16 19:03:25.470 +02:00 [INF] Executing OkObjectResult, writing value of type 'System.Collections.Generic.List`1[[BorrowingService.Bll.Dtos.ReaderDto, BorrowingService.Bll, Version=1.0.0.0, Culture=neutral, PublicKeyToken=null]]'.
2025-11-16 19:03:25.473 +02:00 [INF] Executing OkObjectResult, writing value of type 'System.Collections.Generic.List`1[[BorrowingService.Bll.Dtos.BookDto, BorrowingService.Bll, Version=1.0.0.0, Culture=neutral, PublicKeyToken=null]]'.
2025-11-16 19:03:25.476 +02:00 [INF] Executed action BorrowingService.Api.Controllers.ReadersController.GetAll (BorrowingService.Api) in 6.5017ms
2025-11-16 19:03:25.478 +02:00 [INF] Executed action BorrowingService.Api.Controllers.BooksController.GetAll (BorrowingService.Api) in 5.6359ms
2025-11-16 19:03:25.481 +02:00 [INF] Executed endpoint 'BorrowingService.Api.Controllers.ReadersController.GetAll (BorrowingService.Api)'
2025-11-16 19:03:25.483 +02:00 [INF] Executed endpoint 'BorrowingService.Api.Controllers.BooksController.GetAll (BorrowingService.Api)'
2025-11-16 19:03:25.485 +02:00 [INF] Request finished HTTP/1.1 GET http://localhost:5017/api/readers - 200 null application/json; charset=utf-8 56.9233ms
2025-11-16 19:03:25.487 +02:00 [INF] Request finished HTTP/1.1 GET http://localhost:5017/api/books - 200 null application/json; charset=utf-8 53.4528ms
2025-11-16 19:08:03.786 +02:00 [INF] Now listening on: http://localhost:5017
2025-11-16 19:08:03.841 +02:00 [INF] Application started. Press Ctrl+C to shut down.
2025-11-16 19:08:03.843 +02:00 [INF] Hosting environment: Development
2025-11-16 19:08:03.844 +02:00 [INF] Content root path: C:\Users\Admin\Documents\projects\LibrarySystem\BorrowingService\BorrowingService.Api
2025-11-16 19:08:11.089 +02:00 [INF] Request starting HTTP/1.1 GET http://localhost:5017/api/readers - null null
2025-11-16 19:08:11.162 +02:00 [INF] Executing endpoint 'BorrowingService.Api.Controllers.ReadersController.GetAll (BorrowingService.Api)'
2025-11-16 19:08:11.195 +02:00 [INF] Route matched with {action = "GetAll", controller = "Readers"}. Executing controller action with signature System.Threading.Tasks.Task`1[Microsoft.AspNetCore.Mvc.IActionResult] GetAll() on controller BorrowingService.Api.Controllers.ReadersController (BorrowingService.Api).
2025-11-16 19:08:11.737 +02:00 [INF] Executing OkObjectResult, writing value of type 'System.Collections.Generic.List`1[[BorrowingService.Bll.Dtos.ReaderDto, BorrowingService.Bll, Version=1.0.0.0, Culture=neutral, PublicKeyToken=null]]'.
2025-11-16 19:08:11.794 +02:00 [INF] Executed action BorrowingService.Api.Controllers.ReadersController.GetAll (BorrowingService.Api) in 586.7146ms
2025-11-16 19:08:11.798 +02:00 [INF] Request starting HTTP/1.1 GET http://localhost:5017/api/readers - null null
2025-11-16 19:08:11.820 +02:00 [INF] Executed endpoint 'BorrowingService.Api.Controllers.ReadersController.GetAll (BorrowingService.Api)'
2025-11-16 19:08:11.825 +02:00 [INF] Executing endpoint 'BorrowingService.Api.Controllers.ReadersController.GetAll (BorrowingService.Api)'
2025-11-16 19:08:11.831 +02:00 [INF] Request finished HTTP/1.1 GET http://localhost:5017/api/readers - 200 null application/json; charset=utf-8 745.253ms
2025-11-16 19:08:11.831 +02:00 [INF] Route matched with {action = "GetAll", controller = "Readers"}. Executing controller action with signature System.Threading.Tasks.Task`1[Microsoft.AspNetCore.Mvc.IActionResult] GetAll() on controller BorrowingService.Api.Controllers.ReadersController (BorrowingService.Api).
2025-11-16 19:08:11.851 +02:00 [INF] Executing OkObjectResult, writing value of type 'System.Collections.Generic.List`1[[BorrowingService.Bll.Dtos.ReaderDto, BorrowingService.Bll, Version=1.0.0.0, Culture=neutral, PublicKeyToken=null]]'.
2025-11-16 19:08:11.855 +02:00 [INF] Executed action BorrowingService.Api.Controllers.ReadersController.GetAll (BorrowingService.Api) in 9.2922ms
2025-11-16 19:08:11.858 +02:00 [INF] Executed endpoint 'BorrowingService.Api.Controllers.ReadersController.GetAll (BorrowingService.Api)'
2025-11-16 19:08:11.861 +02:00 [INF] Request finished HTTP/1.1 GET http://localhost:5017/api/readers - 200 null application/json; charset=utf-8 62.7227ms
2025-11-16 19:08:21.479 +02:00 [INF] Request starting HTTP/1.1 GET http://localhost:5017/api/books - null null
2025-11-16 19:08:21.479 +02:00 [INF] Request starting HTTP/1.1 GET http://localhost:5017/api/readers - null null
2025-11-16 19:08:21.488 +02:00 [INF] Executing endpoint 'BorrowingService.Api.Controllers.BooksController.GetAll (BorrowingService.Api)'
2025-11-16 19:08:21.490 +02:00 [INF] Executing endpoint 'BorrowingService.Api.Controllers.ReadersController.GetAll (BorrowingService.Api)'
2025-11-16 19:08:21.494 +02:00 [INF] Route matched with {action = "GetAll", controller = "Readers"}. Executing controller action with signature System.Threading.Tasks.Task`1[Microsoft.AspNetCore.Mvc.IActionResult] GetAll() on controller BorrowingService.Api.Controllers.ReadersController (BorrowingService.Api).
2025-11-16 19:08:21.497 +02:00 [INF] Route matched with {action = "GetAll", controller = "Books"}. Executing controller action with signature System.Threading.Tasks.Task`1[Microsoft.AspNetCore.Mvc.IActionResult] GetAll() on controller BorrowingService.Api.Controllers.BooksController (BorrowingService.Api).
2025-11-16 19:08:21.500 +02:00 [INF] Executing OkObjectResult, writing value of type 'System.Collections.Generic.List`1[[BorrowingService.Bll.Dtos.ReaderDto, BorrowingService.Bll, Version=1.0.0.0, Culture=neutral, PublicKeyToken=null]]'.
2025-11-16 19:08:21.504 +02:00 [INF] Executed action BorrowingService.Api.Controllers.ReadersController.GetAll (BorrowingService.Api) in 6.2541ms
2025-11-16 19:08:21.507 +02:00 [INF] Executed endpoint 'BorrowingService.Api.Controllers.ReadersController.GetAll (BorrowingService.Api)'
2025-11-16 19:08:21.509 +02:00 [INF] Request starting HTTP/1.1 GET http://localhost:5017/api/readers - null null
2025-11-16 19:08:21.509 +02:00 [INF] Request finished HTTP/1.1 GET http://localhost:5017/api/readers - 200 null application/json; charset=utf-8 30.6227ms
2025-11-16 19:08:21.515 +02:00 [INF] Executing endpoint 'BorrowingService.Api.Controllers.ReadersController.GetAll (BorrowingService.Api)'
2025-11-16 19:08:21.524 +02:00 [INF] Route matched with {action = "GetAll", controller = "Readers"}. Executing controller action with signature System.Threading.Tasks.Task`1[Microsoft.AspNetCore.Mvc.IActionResult] GetAll() on controller BorrowingService.Api.Controllers.ReadersController (BorrowingService.Api).
2025-11-16 19:08:21.571 +02:00 [INF] Executing OkObjectResult, writing value of type 'System.Collections.Generic.List`1[[BorrowingService.Bll.Dtos.BookDto, BorrowingService.Bll, Version=1.0.0.0, Culture=neutral, PublicKeyToken=null]]'.
2025-11-16 19:08:21.578 +02:00 [INF] Executed action BorrowingService.Api.Controllers.BooksController.GetAll (BorrowingService.Api) in 76.826ms
2025-11-16 19:08:21.581 +02:00 [INF] Executed endpoint 'BorrowingService.Api.Controllers.BooksController.GetAll (BorrowingService.Api)'
2025-11-16 19:08:21.582 +02:00 [INF] Request starting HTTP/1.1 GET http://localhost:5017/api/books - null null
2025-11-16 19:08:21.583 +02:00 [INF] Request finished HTTP/1.1 GET http://localhost:5017/api/books - 200 null application/json; charset=utf-8 104.1415ms
2025-11-16 19:08:21.588 +02:00 [INF] Executing endpoint 'BorrowingService.Api.Controllers.BooksController.GetAll (BorrowingService.Api)'
2025-11-16 19:08:21.594 +02:00 [INF] Route matched with {action = "GetAll", controller = "Books"}. Executing controller action with signature System.Threading.Tasks.Task`1[Microsoft.AspNetCore.Mvc.IActionResult] GetAll() on controller BorrowingService.Api.Controllers.BooksController (BorrowingService.Api).
2025-11-16 19:08:21.598 +02:00 [INF] Executing OkObjectResult, writing value of type 'System.Collections.Generic.List`1[[BorrowingService.Bll.Dtos.BookDto, BorrowingService.Bll, Version=1.0.0.0, Culture=neutral, PublicKeyToken=null]]'.
2025-11-16 19:08:21.600 +02:00 [INF] Executed action BorrowingService.Api.Controllers.BooksController.GetAll (BorrowingService.Api) in 3.1302ms
2025-11-16 19:08:21.602 +02:00 [INF] Executing OkObjectResult, writing value of type 'System.Collections.Generic.List`1[[BorrowingService.Bll.Dtos.ReaderDto, BorrowingService.Bll, Version=1.0.0.0, Culture=neutral, PublicKeyToken=null]]'.
2025-11-16 19:08:21.604 +02:00 [INF] Executed endpoint 'BorrowingService.Api.Controllers.BooksController.GetAll (BorrowingService.Api)'
2025-11-16 19:08:21.606 +02:00 [INF] Executed action BorrowingService.Api.Controllers.ReadersController.GetAll (BorrowingService.Api) in 77.5484ms
2025-11-16 19:08:21.607 +02:00 [INF] Request finished HTTP/1.1 GET http://localhost:5017/api/books - 200 null application/json; charset=utf-8 24.9034ms
2025-11-16 19:08:21.609 +02:00 [INF] Executed endpoint 'BorrowingService.Api.Controllers.ReadersController.GetAll (BorrowingService.Api)'
2025-11-16 19:08:21.615 +02:00 [INF] Request finished HTTP/1.1 GET http://localhost:5017/api/readers - 200 null application/json; charset=utf-8 106.1648ms
2025-11-16 19:08:33.810 +02:00 [INF] Request starting HTTP/1.1 GET http://localhost:5017/api/readers - null null
2025-11-16 19:08:33.811 +02:00 [INF] Request starting HTTP/1.1 GET http://localhost:5017/api/books - null null
2025-11-16 19:08:33.822 +02:00 [INF] Executing endpoint 'BorrowingService.Api.Controllers.ReadersController.GetAll (BorrowingService.Api)'
2025-11-16 19:08:33.827 +02:00 [INF] Executing endpoint 'BorrowingService.Api.Controllers.BooksController.GetAll (BorrowingService.Api)'
2025-11-16 19:08:33.829 +02:00 [INF] Route matched with {action = "GetAll", controller = "Readers"}. Executing controller action with signature System.Threading.Tasks.Task`1[Microsoft.AspNetCore.Mvc.IActionResult] GetAll() on controller BorrowingService.Api.Controllers.ReadersController (BorrowingService.Api).
2025-11-16 19:08:33.831 +02:00 [INF] Route matched with {action = "GetAll", controller = "Books"}. Executing controller action with signature System.Threading.Tasks.Task`1[Microsoft.AspNetCore.Mvc.IActionResult] GetAll() on controller BorrowingService.Api.Controllers.BooksController (BorrowingService.Api).
2025-11-16 19:08:33.837 +02:00 [INF] Executing OkObjectResult, writing value of type 'System.Collections.Generic.List`1[[BorrowingService.Bll.Dtos.ReaderDto, BorrowingService.Bll, Version=1.0.0.0, Culture=neutral, PublicKeyToken=null]]'.
2025-11-16 19:08:33.844 +02:00 [INF] Executed action BorrowingService.Api.Controllers.ReadersController.GetAll (BorrowingService.Api) in 7.7922ms
2025-11-16 19:08:33.845 +02:00 [INF] Executing OkObjectResult, writing value of type 'System.Collections.Generic.List`1[[BorrowingService.Bll.Dtos.BookDto, BorrowingService.Bll, Version=1.0.0.0, Culture=neutral, PublicKeyToken=null]]'.
2025-11-16 19:08:33.848 +02:00 [INF] Executed endpoint 'BorrowingService.Api.Controllers.ReadersController.GetAll (BorrowingService.Api)'
2025-11-16 19:08:33.851 +02:00 [INF] Request starting HTTP/1.1 GET http://localhost:5017/api/readers - null null
2025-11-16 19:08:33.852 +02:00 [INF] Executed action BorrowingService.Api.Controllers.BooksController.GetAll (BorrowingService.Api) in 10.5664ms
2025-11-16 19:08:33.855 +02:00 [INF] Request finished HTTP/1.1 GET http://localhost:5017/api/readers - 200 null application/json; charset=utf-8 45.0145ms
2025-11-16 19:08:33.858 +02:00 [INF] Request starting HTTP/1.1 GET http://localhost:5017/api/books - null null
2025-11-16 19:08:33.861 +02:00 [INF] Executing endpoint 'BorrowingService.Api.Controllers.ReadersController.GetAll (BorrowingService.Api)'
2025-11-16 19:08:33.864 +02:00 [INF] Executed endpoint 'BorrowingService.Api.Controllers.BooksController.GetAll (BorrowingService.Api)'
2025-11-16 19:08:33.875 +02:00 [INF] Executing endpoint 'BorrowingService.Api.Controllers.BooksController.GetAll (BorrowingService.Api)'
2025-11-16 19:08:33.877 +02:00 [INF] Route matched with {action = "GetAll", controller = "Readers"}. Executing controller action with signature System.Threading.Tasks.Task`1[Microsoft.AspNetCore.Mvc.IActionResult] GetAll() on controller BorrowingService.Api.Controllers.ReadersController (BorrowingService.Api).
2025-11-16 19:08:33.879 +02:00 [INF] Request finished HTTP/1.1 GET http://localhost:5017/api/books - 200 null application/json; charset=utf-8 68.4616ms
2025-11-16 19:08:33.881 +02:00 [INF] Route matched with {action = "GetAll", controller = "Books"}. Executing controller action with signature System.Threading.Tasks.Task`1[Microsoft.AspNetCore.Mvc.IActionResult] GetAll() on controller BorrowingService.Api.Controllers.BooksController (BorrowingService.Api).
2025-11-16 19:08:33.886 +02:00 [INF] Executing OkObjectResult, writing value of type 'System.Collections.Generic.List`1[[BorrowingService.Bll.Dtos.ReaderDto, BorrowingService.Bll, Version=1.0.0.0, Culture=neutral, PublicKeyToken=null]]'.
2025-11-16 19:08:33.895 +02:00 [INF] Executing OkObjectResult, writing value of type 'System.Collections.Generic.List`1[[BorrowingService.Bll.Dtos.BookDto, BorrowingService.Bll, Version=1.0.0.0, Culture=neutral, PublicKeyToken=null]]'.
2025-11-16 19:08:33.897 +02:00 [INF] Executed action BorrowingService.Api.Controllers.ReadersController.GetAll (BorrowingService.Api) in 11.7334ms
2025-11-16 19:08:33.900 +02:00 [INF] Executed action BorrowingService.Api.Controllers.BooksController.GetAll (BorrowingService.Api) in 5.2733ms
2025-11-16 19:08:33.902 +02:00 [INF] Executed endpoint 'BorrowingService.Api.Controllers.ReadersController.GetAll (BorrowingService.Api)'
2025-11-16 19:08:33.904 +02:00 [INF] Executed endpoint 'BorrowingService.Api.Controllers.BooksController.GetAll (BorrowingService.Api)'
2025-11-16 19:08:33.906 +02:00 [INF] Request finished HTTP/1.1 GET http://localhost:5017/api/readers - 200 null application/json; charset=utf-8 54.6937ms
2025-11-16 19:08:33.907 +02:00 [INF] Request finished HTTP/1.1 GET http://localhost:5017/api/books - 200 null application/json; charset=utf-8 49.2521ms
2025-11-16 19:08:35.324 +02:00 [INF] Request starting HTTP/1.1 GET http://localhost:5017/api/borrowings - null null
2025-11-16 19:08:35.334 +02:00 [INF] Executing endpoint 'BorrowingService.Api.Controllers.BorrowingsController.GetAll (BorrowingService.Api)'
2025-11-16 19:08:35.342 +02:00 [INF] Route matched with {action = "GetAll", controller = "Borrowings"}. Executing controller action with signature System.Threading.Tasks.Task`1[Microsoft.AspNetCore.Mvc.IActionResult] GetAll() on controller BorrowingService.Api.Controllers.BorrowingsController (BorrowingService.Api).
2025-11-16 19:08:35.352 +02:00 [INF] Executing OkObjectResult, writing value of type 'System.Collections.Generic.List`1[[BorrowingService.Bll.Dtos.BorrowingDto, BorrowingService.Bll, Version=1.0.0.0, Culture=neutral, PublicKeyToken=null]]'.
2025-11-16 19:08:35.368 +02:00 [INF] Executed action BorrowingService.Api.Controllers.BorrowingsController.GetAll (BorrowingService.Api) in 21.3507ms
2025-11-16 19:08:35.372 +02:00 [INF] Executed endpoint 'BorrowingService.Api.Controllers.BorrowingsController.GetAll (BorrowingService.Api)'
2025-11-16 19:08:35.373 +02:00 [INF] Request starting HTTP/1.1 GET http://localhost:5017/api/borrowings - null null
2025-11-16 19:08:35.376 +02:00 [INF] Request finished HTTP/1.1 GET http://localhost:5017/api/borrowings - 200 null application/json; charset=utf-8 51.8547ms
2025-11-16 19:08:35.382 +02:00 [INF] Executing endpoint 'BorrowingService.Api.Controllers.BorrowingsController.GetAll (BorrowingService.Api)'
2025-11-16 19:08:35.392 +02:00 [INF] Route matched with {action = "GetAll", controller = "Borrowings"}. Executing controller action with signature System.Threading.Tasks.Task`1[Microsoft.AspNetCore.Mvc.IActionResult] GetAll() on controller BorrowingService.Api.Controllers.BorrowingsController (BorrowingService.Api).
2025-11-16 19:08:35.399 +02:00 [INF] Executing OkObjectResult, writing value of type 'System.Collections.Generic.List`1[[BorrowingService.Bll.Dtos.BorrowingDto, BorrowingService.Bll, Version=1.0.0.0, Culture=neutral, PublicKeyToken=null]]'.
2025-11-16 19:08:35.403 +02:00 [INF] Executed action BorrowingService.Api.Controllers.BorrowingsController.GetAll (BorrowingService.Api) in 6.5863ms
2025-11-16 19:08:35.407 +02:00 [INF] Executed endpoint 'BorrowingService.Api.Controllers.BorrowingsController.GetAll (BorrowingService.Api)'
2025-11-16 19:08:35.410 +02:00 [INF] Request finished HTTP/1.1 GET http://localhost:5017/api/borrowings - 200 null application/json; charset=utf-8 36.4544ms
2025-11-16 19:09:35.411 +02:00 [INF] Request starting HTTP/1.1 GET http://localhost:5017/api/readers - null null
2025-11-16 19:09:35.416 +02:00 [INF] Executing endpoint 'BorrowingService.Api.Controllers.ReadersController.GetAll (BorrowingService.Api)'
2025-11-16 19:09:35.418 +02:00 [INF] Route matched with {action = "GetAll", controller = "Readers"}. Executing controller action with signature System.Threading.Tasks.Task`1[Microsoft.AspNetCore.Mvc.IActionResult] GetAll() on controller BorrowingService.Api.Controllers.ReadersController (BorrowingService.Api).
2025-11-16 19:09:35.422 +02:00 [INF] Executing OkObjectResult, writing value of type 'System.Collections.Generic.List`1[[BorrowingService.Bll.Dtos.ReaderDto, BorrowingService.Bll, Version=1.0.0.0, Culture=neutral, PublicKeyToken=null]]'.
2025-11-16 19:09:35.424 +02:00 [INF] Executed action BorrowingService.Api.Controllers.ReadersController.GetAll (BorrowingService.Api) in 2.5504ms
2025-11-16 19:09:35.426 +02:00 [INF] Executed endpoint 'BorrowingService.Api.Controllers.ReadersController.GetAll (BorrowingService.Api)'
2025-11-16 19:09:35.428 +02:00 [INF] Request finished HTTP/1.1 GET http://localhost:5017/api/readers - 200 null application/json; charset=utf-8 16.8766ms
2025-11-16 19:09:35.428 +02:00 [INF] Request starting HTTP/1.1 GET http://localhost:5017/api/readers - null null
2025-11-16 19:09:35.438 +02:00 [INF] Executing endpoint 'BorrowingService.Api.Controllers.ReadersController.GetAll (BorrowingService.Api)'
2025-11-16 19:09:35.440 +02:00 [INF] Route matched with {action = "GetAll", controller = "Readers"}. Executing controller action with signature System.Threading.Tasks.Task`1[Microsoft.AspNetCore.Mvc.IActionResult] GetAll() on controller BorrowingService.Api.Controllers.ReadersController (BorrowingService.Api).
2025-11-16 19:09:35.445 +02:00 [INF] Executing OkObjectResult, writing value of type 'System.Collections.Generic.List`1[[BorrowingService.Bll.Dtos.ReaderDto, BorrowingService.Bll, Version=1.0.0.0, Culture=neutral, PublicKeyToken=null]]'.
2025-11-16 19:09:35.447 +02:00 [INF] Executed action BorrowingService.Api.Controllers.ReadersController.GetAll (BorrowingService.Api) in 3.5849ms
2025-11-16 19:09:35.450 +02:00 [INF] Executed endpoint 'BorrowingService.Api.Controllers.ReadersController.GetAll (BorrowingService.Api)'
2025-11-16 19:09:35.451 +02:00 [INF] Request finished HTTP/1.1 GET http://localhost:5017/api/readers - 200 null application/json; charset=utf-8 23.2663ms
