2025-11-27 00:12:23.817 +02:00 [INF] Now listening on: http://localhost:5017
2025-11-27 00:12:23.875 +02:00 [INF] Application started. Press Ctrl+C to shut down.
2025-11-27 00:12:23.877 +02:00 [INF] Hosting environment: Development
2025-11-27 00:12:23.879 +02:00 [INF] Content root path: C:\Users\Admin\Documents\projects\LibrarySystem\BorrowingService\BorrowingService.Api
2025-11-27 00:14:39.920 +02:00 [INF] Now listening on: http://localhost:5017
2025-11-27 00:14:39.978 +02:00 [INF] Application started. Press Ctrl+C to shut down.
2025-11-27 00:14:39.980 +02:00 [INF] Hosting environment: Development
2025-11-27 00:14:39.983 +02:00 [INF] Content root path: C:\Users\Admin\Documents\projects\LibrarySystem\BorrowingService\BorrowingService.Api
2025-11-27 00:26:30.907 +02:00 [INF] Now listening on: http://localhost:5017
2025-11-27 00:26:30.943 +02:00 [INF] Application started. Press Ctrl+C to shut down.
2025-11-27 00:26:30.945 +02:00 [INF] Hosting environment: Development
2025-11-27 00:26:30.946 +02:00 [INF] Content root path: C:\Users\Admin\Documents\projects\LibrarySystem\BorrowingService\BorrowingService.Api
2025-11-27 00:27:13.072 +02:00 [INF] Now listening on: http://localhost:5017
2025-11-27 00:27:13.108 +02:00 [INF] Application started. Press Ctrl+C to shut down.
2025-11-27 00:27:13.112 +02:00 [INF] Hosting environment: Development
2025-11-27 00:27:13.113 +02:00 [INF] Content root path: C:\Users\Admin\Documents\projects\LibrarySystem\BorrowingService\BorrowingService.Api
2025-11-27 00:27:23.399 +02:00 [INF] Request starting HTTP/1.1 GET http://localhost:5017/api/readers - null null
2025-11-27 00:27:23.502 +02:00 [INF] Executing endpoint 'BorrowingService.Api.Controllers.ReadersController.GetAll (BorrowingService.Api)'
2025-11-27 00:27:23.531 +02:00 [INF] Route matched with {action = "GetAll", controller = "Readers"}. Executing controller action with signature System.Threading.Tasks.Task`1[Microsoft.AspNetCore.Mvc.IActionResult] GetAll() on controller BorrowingService.Api.Controllers.ReadersController (BorrowingService.Api).
2025-11-27 00:27:24.110 +02:00 [INF] Executing OkObjectResult, writing value of type 'System.Collections.Generic.List`1[[BorrowingService.Bll.Dtos.ReaderDto, BorrowingService.Bll, Version=1.0.0.0, Culture=neutral, PublicKeyToken=null]]'.
2025-11-27 00:27:24.148 +02:00 [INF] Executed action BorrowingService.Api.Controllers.ReadersController.GetAll (BorrowingService.Api) in 609.1172ms
2025-11-27 00:27:24.152 +02:00 [INF] Request starting HTTP/1.1 GET http://localhost:5017/api/readers - null null
2025-11-27 00:27:24.168 +02:00 [INF] Executed endpoint 'BorrowingService.Api.Controllers.ReadersController.GetAll (BorrowingService.Api)'
2025-11-27 00:27:24.171 +02:00 [INF] Executing endpoint 'BorrowingService.Api.Controllers.ReadersController.GetAll (BorrowingService.Api)'
2025-11-27 00:27:24.174 +02:00 [INF] Route matched with {action = "GetAll", controller = "Readers"}. Executing controller action with signature System.Threading.Tasks.Task`1[Microsoft.AspNetCore.Mvc.IActionResult] GetAll() on controller BorrowingService.Api.Controllers.ReadersController (BorrowingService.Api).
2025-11-27 00:27:24.177 +02:00 [INF] Request finished HTTP/1.1 GET http://localhost:5017/api/readers - 200 null application/json; charset=utf-8 782.3223ms
2025-11-27 00:27:24.195 +02:00 [INF] Executing OkObjectResult, writing value of type 'System.Collections.Generic.List`1[[BorrowingService.Bll.Dtos.ReaderDto, BorrowingService.Bll, Version=1.0.0.0, Culture=neutral, PublicKeyToken=null]]'.
2025-11-27 00:27:24.199 +02:00 [INF] Executed action BorrowingService.Api.Controllers.ReadersController.GetAll (BorrowingService.Api) in 21.0758ms
2025-11-27 00:27:24.202 +02:00 [INF] Executed endpoint 'BorrowingService.Api.Controllers.ReadersController.GetAll (BorrowingService.Api)'
2025-11-27 00:27:24.206 +02:00 [INF] Request finished HTTP/1.1 GET http://localhost:5017/api/readers - 200 null application/json; charset=utf-8 55.9148ms
2025-11-27 00:45:44.495 +02:00 [INF] Now listening on: http://localhost:5017
2025-11-27 00:45:44.547 +02:00 [INF] Application started. Press Ctrl+C to shut down.
2025-11-27 00:45:44.550 +02:00 [INF] Hosting environment: Development
2025-11-27 00:45:44.552 +02:00 [INF] Content root path: C:\Users\Admin\Documents\projects\LibrarySystem\BorrowingService\BorrowingService.Api
2025-11-27 00:45:52.949 +02:00 [INF] Request starting HTTP/1.1 GET http://localhost:5017/api/readers - null null
2025-11-27 00:45:52.994 +02:00 [INF] Executing endpoint 'BorrowingService.Api.Controllers.ReadersController.GetAll (BorrowingService.Api)'
2025-11-27 00:45:53.009 +02:00 [INF] Route matched with {action = "GetAll", controller = "Readers"}. Executing controller action with signature System.Threading.Tasks.Task`1[Microsoft.AspNetCore.Mvc.IActionResult] GetAll() on controller BorrowingService.Api.Controllers.ReadersController (BorrowingService.Api).
2025-11-27 00:45:53.302 +02:00 [INF] Executing OkObjectResult, writing value of type 'System.Collections.Generic.List`1[[BorrowingService.Bll.Dtos.ReaderDto, BorrowingService.Bll, Version=1.0.0.0, Culture=neutral, PublicKeyToken=null]]'.
2025-11-27 00:45:53.331 +02:00 [INF] Executed action BorrowingService.Api.Controllers.ReadersController.GetAll (BorrowingService.Api) in 316.5755ms
2025-11-27 00:45:53.336 +02:00 [INF] Request starting HTTP/1.1 GET http://localhost:5017/api/readers - null null
2025-11-27 00:45:53.345 +02:00 [INF] Executed endpoint 'BorrowingService.Api.Controllers.ReadersController.GetAll (BorrowingService.Api)'
2025-11-27 00:45:53.349 +02:00 [INF] Executing endpoint 'BorrowingService.Api.Controllers.ReadersController.GetAll (BorrowingService.Api)'
2025-11-27 00:45:53.352 +02:00 [INF] Route matched with {action = "GetAll", controller = "Readers"}. Executing controller action with signature System.Threading.Tasks.Task`1[Microsoft.AspNetCore.Mvc.IActionResult] GetAll() on controller BorrowingService.Api.Controllers.ReadersController (BorrowingService.Api).
2025-11-27 00:45:53.355 +02:00 [INF] Request finished HTTP/1.1 GET http://localhost:5017/api/readers - 200 null application/json; charset=utf-8 407.2105ms
2025-11-27 00:45:53.370 +02:00 [INF] Executing OkObjectResult, writing value of type 'System.Collections.Generic.List`1[[BorrowingService.Bll.Dtos.ReaderDto, BorrowingService.Bll, Version=1.0.0.0, Culture=neutral, PublicKeyToken=null]]'.
2025-11-27 00:45:53.374 +02:00 [INF] Executed action BorrowingService.Api.Controllers.ReadersController.GetAll (BorrowingService.Api) in 18.1667ms
2025-11-27 00:45:53.376 +02:00 [INF] Executed endpoint 'BorrowingService.Api.Controllers.ReadersController.GetAll (BorrowingService.Api)'
2025-11-27 00:45:53.380 +02:00 [INF] Request finished HTTP/1.1 GET http://localhost:5017/api/readers - 200 null application/json; charset=utf-8 45.3591ms
2025-11-27 00:45:55.655 +02:00 [INF] Request starting HTTP/1.1 GET http://localhost:5017/api/borrowings - null null
2025-11-27 00:45:55.668 +02:00 [INF] Executing endpoint 'BorrowingService.Api.Controllers.BorrowingsController.GetAll (BorrowingService.Api)'
2025-11-27 00:45:55.677 +02:00 [INF] Route matched with {action = "GetAll", controller = "Borrowings"}. Executing controller action with signature System.Threading.Tasks.Task`1[Microsoft.AspNetCore.Mvc.IActionResult] GetAll() on controller BorrowingService.Api.Controllers.BorrowingsController (BorrowingService.Api).
2025-11-27 00:45:55.756 +02:00 [INF] Executing OkObjectResult, writing value of type 'System.Collections.Generic.List`1[[BorrowingService.Bll.Dtos.BorrowingDto, BorrowingService.Bll, Version=1.0.0.0, Culture=neutral, PublicKeyToken=null]]'.
2025-11-27 00:45:55.779 +02:00 [INF] Executed action BorrowingService.Api.Controllers.BorrowingsController.GetAll (BorrowingService.Api) in 95.5699ms
2025-11-27 00:45:55.784 +02:00 [INF] Executed endpoint 'BorrowingService.Api.Controllers.BorrowingsController.GetAll (BorrowingService.Api)'
2025-11-27 00:45:55.787 +02:00 [INF] Request starting HTTP/1.1 GET http://localhost:5017/api/borrowings - null null
2025-11-27 00:45:55.787 +02:00 [INF] Request finished HTTP/1.1 GET http://localhost:5017/api/borrowings - 200 null application/json; charset=utf-8 132.0917ms
2025-11-27 00:45:55.795 +02:00 [INF] Executing endpoint 'BorrowingService.Api.Controllers.BorrowingsController.GetAll (BorrowingService.Api)'
2025-11-27 00:45:55.804 +02:00 [INF] Route matched with {action = "GetAll", controller = "Borrowings"}. Executing controller action with signature System.Threading.Tasks.Task`1[Microsoft.AspNetCore.Mvc.IActionResult] GetAll() on controller BorrowingService.Api.Controllers.BorrowingsController (BorrowingService.Api).
2025-11-27 00:45:55.818 +02:00 [INF] Executing OkObjectResult, writing value of type 'System.Collections.Generic.List`1[[BorrowingService.Bll.Dtos.BorrowingDto, BorrowingService.Bll, Version=1.0.0.0, Culture=neutral, PublicKeyToken=null]]'.
2025-11-27 00:45:55.822 +02:00 [INF] Executed action BorrowingService.Api.Controllers.BorrowingsController.GetAll (BorrowingService.Api) in 15.4996ms
2025-11-27 00:45:55.825 +02:00 [INF] Executed endpoint 'BorrowingService.Api.Controllers.BorrowingsController.GetAll (BorrowingService.Api)'
2025-11-27 00:45:55.828 +02:00 [INF] Request finished HTTP/1.1 GET http://localhost:5017/api/borrowings - 200 null application/json; charset=utf-8 40.8415ms
2025-11-27 00:46:34.326 +02:00 [INF] Request starting HTTP/1.1 POST http://localhost:5017/api/readers - application/json 58
2025-11-27 00:46:34.335 +02:00 [INF] CORS policy execution successful.
2025-11-27 00:46:34.338 +02:00 [INF] Executing endpoint 'BorrowingService.Api.Controllers.ReadersController.Create (BorrowingService.Api)'
2025-11-27 00:46:34.345 +02:00 [INF] Route matched with {action = "Create", controller = "Readers"}. Executing controller action with signature System.Threading.Tasks.Task`1[Microsoft.AspNetCore.Mvc.IActionResult] Create(BorrowingService.Bll.Dtos.ReaderDto) on controller BorrowingService.Api.Controllers.ReadersController (BorrowingService.Api).
2025-11-27 00:46:34.387 +02:00 [INF] Executing CreatedAtActionResult, writing value of type 'BorrowingService.Bll.Dtos.ReaderDto'.
2025-11-27 00:46:34.410 +02:00 [INF] Executed action BorrowingService.Api.Controllers.ReadersController.Create (BorrowingService.Api) in 60.603ms
2025-11-27 00:46:34.413 +02:00 [INF] Executed endpoint 'BorrowingService.Api.Controllers.ReadersController.Create (BorrowingService.Api)'
2025-11-27 00:46:34.416 +02:00 [INF] Request finished HTTP/1.1 POST http://localhost:5017/api/readers - 201 null application/json; charset=utf-8 89.9443ms
2025-11-27 00:46:36.460 +02:00 [INF] Request starting HTTP/1.1 GET http://localhost:5017/api/readers - null null
2025-11-27 00:46:36.472 +02:00 [INF] Executing endpoint 'BorrowingService.Api.Controllers.ReadersController.GetAll (BorrowingService.Api)'
2025-11-27 00:46:36.477 +02:00 [INF] Route matched with {action = "GetAll", controller = "Readers"}. Executing controller action with signature System.Threading.Tasks.Task`1[Microsoft.AspNetCore.Mvc.IActionResult] GetAll() on controller BorrowingService.Api.Controllers.ReadersController (BorrowingService.Api).
2025-11-27 00:46:36.484 +02:00 [INF] Executing OkObjectResult, writing value of type 'System.Collections.Generic.List`1[[BorrowingService.Bll.Dtos.ReaderDto, BorrowingService.Bll, Version=1.0.0.0, Culture=neutral, PublicKeyToken=null]]'.
2025-11-27 00:46:36.489 +02:00 [INF] Executed action BorrowingService.Api.Controllers.ReadersController.GetAll (BorrowingService.Api) in 5.4059ms
2025-11-27 00:46:36.493 +02:00 [INF] Executed endpoint 'BorrowingService.Api.Controllers.ReadersController.GetAll (BorrowingService.Api)'
2025-11-27 00:46:36.494 +02:00 [INF] Request starting HTTP/1.1 GET http://localhost:5017/api/readers - null null
2025-11-27 00:46:36.496 +02:00 [INF] Request finished HTTP/1.1 GET http://localhost:5017/api/readers - 200 null application/json; charset=utf-8 35.9497ms
2025-11-27 00:46:36.504 +02:00 [INF] Executing endpoint 'BorrowingService.Api.Controllers.ReadersController.GetAll (BorrowingService.Api)'
2025-11-27 00:46:36.515 +02:00 [INF] Route matched with {action = "GetAll", controller = "Readers"}. Executing controller action with signature System.Threading.Tasks.Task`1[Microsoft.AspNetCore.Mvc.IActionResult] GetAll() on controller BorrowingService.Api.Controllers.ReadersController (BorrowingService.Api).
2025-11-27 00:46:36.521 +02:00 [INF] Executing OkObjectResult, writing value of type 'System.Collections.Generic.List`1[[BorrowingService.Bll.Dtos.ReaderDto, BorrowingService.Bll, Version=1.0.0.0, Culture=neutral, PublicKeyToken=null]]'.
2025-11-27 00:46:36.524 +02:00 [INF] Executed action BorrowingService.Api.Controllers.ReadersController.GetAll (BorrowingService.Api) in 4.1202ms
2025-11-27 00:46:36.527 +02:00 [INF] Executed endpoint 'BorrowingService.Api.Controllers.ReadersController.GetAll (BorrowingService.Api)'
2025-11-27 00:46:36.530 +02:00 [INF] Request finished HTTP/1.1 GET http://localhost:5017/api/readers - 200 null application/json; charset=utf-8 35.6942ms
2025-11-27 00:46:40.052 +02:00 [INF] Request starting HTTP/1.1 GET http://localhost:5017/api/borrowings - null null
2025-11-27 00:46:40.057 +02:00 [INF] Executing endpoint 'BorrowingService.Api.Controllers.BorrowingsController.GetAll (BorrowingService.Api)'
2025-11-27 00:46:40.059 +02:00 [INF] Route matched with {action = "GetAll", controller = "Borrowings"}. Executing controller action with signature System.Threading.Tasks.Task`1[Microsoft.AspNetCore.Mvc.IActionResult] GetAll() on controller BorrowingService.Api.Controllers.BorrowingsController (BorrowingService.Api).
2025-11-27 00:46:40.080 +02:00 [INF] Executing OkObjectResult, writing value of type 'System.Collections.Generic.List`1[[BorrowingService.Bll.Dtos.BorrowingDto, BorrowingService.Bll, Version=1.0.0.0, Culture=neutral, PublicKeyToken=null]]'.
2025-11-27 00:46:40.082 +02:00 [INF] Executed action BorrowingService.Api.Controllers.BorrowingsController.GetAll (BorrowingService.Api) in 19.3256ms
2025-11-27 00:46:40.085 +02:00 [INF] Executed endpoint 'BorrowingService.Api.Controllers.BorrowingsController.GetAll (BorrowingService.Api)'
2025-11-27 00:46:40.087 +02:00 [INF] Request starting HTTP/1.1 GET http://localhost:5017/api/borrowings - null null
2025-11-27 00:46:40.087 +02:00 [INF] Request finished HTTP/1.1 GET http://localhost:5017/api/borrowings - 200 null application/json; charset=utf-8 34.9062ms
2025-11-27 00:46:40.092 +02:00 [INF] Executing endpoint 'BorrowingService.Api.Controllers.BorrowingsController.GetAll (BorrowingService.Api)'
2025-11-27 00:46:40.100 +02:00 [INF] Route matched with {action = "GetAll", controller = "Borrowings"}. Executing controller action with signature System.Threading.Tasks.Task`1[Microsoft.AspNetCore.Mvc.IActionResult] GetAll() on controller BorrowingService.Api.Controllers.BorrowingsController (BorrowingService.Api).
2025-11-27 00:46:40.118 +02:00 [INF] Executing OkObjectResult, writing value of type 'System.Collections.Generic.List`1[[BorrowingService.Bll.Dtos.BorrowingDto, BorrowingService.Bll, Version=1.0.0.0, Culture=neutral, PublicKeyToken=null]]'.
2025-11-27 00:46:40.121 +02:00 [INF] Executed action BorrowingService.Api.Controllers.BorrowingsController.GetAll (BorrowingService.Api) in 17.983ms
2025-11-27 00:46:40.124 +02:00 [INF] Executed endpoint 'BorrowingService.Api.Controllers.BorrowingsController.GetAll (BorrowingService.Api)'
2025-11-27 00:46:40.126 +02:00 [INF] Request finished HTTP/1.1 GET http://localhost:5017/api/borrowings - 200 null application/json; charset=utf-8 39.2088ms
2025-11-27 00:46:53.674 +02:00 [INF] Request starting HTTP/1.1 GET http://localhost:5017/api/readers - null null
2025-11-27 00:46:53.689 +02:00 [INF] Executing endpoint 'BorrowingService.Api.Controllers.ReadersController.GetAll (BorrowingService.Api)'
2025-11-27 00:46:53.693 +02:00 [INF] Route matched with {action = "GetAll", controller = "Readers"}. Executing controller action with signature System.Threading.Tasks.Task`1[Microsoft.AspNetCore.Mvc.IActionResult] GetAll() on controller BorrowingService.Api.Controllers.ReadersController (BorrowingService.Api).
2025-11-27 00:46:53.700 +02:00 [INF] Executing OkObjectResult, writing value of type 'System.Collections.Generic.List`1[[BorrowingService.Bll.Dtos.ReaderDto, BorrowingService.Bll, Version=1.0.0.0, Culture=neutral, PublicKeyToken=null]]'.
2025-11-27 00:46:53.704 +02:00 [INF] Executed action BorrowingService.Api.Controllers.ReadersController.GetAll (BorrowingService.Api) in 4.7035ms
2025-11-27 00:46:53.707 +02:00 [INF] Executed endpoint 'BorrowingService.Api.Controllers.ReadersController.GetAll (BorrowingService.Api)'
2025-11-27 00:46:53.710 +02:00 [INF] Request finished HTTP/1.1 GET http://localhost:5017/api/readers - 200 null application/json; charset=utf-8 36.1524ms
2025-11-27 00:46:57.163 +02:00 [INF] Request starting HTTP/1.1 POST http://localhost:5017/api/borrowings/issue - application/json 26
2025-11-27 00:46:57.170 +02:00 [INF] CORS policy execution successful.
2025-11-27 00:46:57.172 +02:00 [INF] Executing endpoint 'BorrowingService.Api.Controllers.BorrowingsController.IssueBook (BorrowingService.Api)'
2025-11-27 00:46:57.181 +02:00 [INF] Route matched with {action = "IssueBook", controller = "Borrowings"}. Executing controller action with signature System.Threading.Tasks.Task`1[Microsoft.AspNetCore.Mvc.IActionResult] IssueBook(IssueBookRequest) on controller BorrowingService.Api.Controllers.BorrowingsController (BorrowingService.Api).
2025-11-27 00:46:57.200 +02:00 [INF] Start processing HTTP request GET http://localhost:5180/api/books/11
2025-11-27 00:46:57.207 +02:00 [INF] Sending HTTP request GET http://localhost:5180/api/books/11
2025-11-27 00:46:57.483 +02:00 [INF] Received HTTP response headers after 260.7676ms - 200
2025-11-27 00:46:57.496 +02:00 [INF] End processing HTTP request after 296.296ms - 200
2025-11-27 00:46:57.563 +02:00 [INF] Executing CreatedAtActionResult, writing value of type '<>f__AnonymousType1`2[[System.String, System.Private.CoreLib, Version=9.0.0.0, Culture=neutral, PublicKeyToken=7cec85d7bea7798e],[System.Int32, System.Private.CoreLib, Version=9.0.0.0, Culture=neutral, PublicKeyToken=7cec85d7bea7798e]]'.
2025-11-27 00:46:57.577 +02:00 [INF] Executed action BorrowingService.Api.Controllers.BorrowingsController.IssueBook (BorrowingService.Api) in 389.9294ms
2025-11-27 00:46:57.583 +02:00 [INF] Executed endpoint 'BorrowingService.Api.Controllers.BorrowingsController.IssueBook (BorrowingService.Api)'
2025-11-27 00:46:57.588 +02:00 [INF] Request finished HTTP/1.1 POST http://localhost:5017/api/borrowings/issue - 201 null application/json; charset=utf-8 434.2412ms
2025-11-27 00:46:59.911 +02:00 [INF] Request starting HTTP/1.1 GET http://localhost:5017/api/borrowings - null null
2025-11-27 00:46:59.920 +02:00 [INF] Executing endpoint 'BorrowingService.Api.Controllers.BorrowingsController.GetAll (BorrowingService.Api)'
2025-11-27 00:46:59.923 +02:00 [INF] Route matched with {action = "GetAll", controller = "Borrowings"}. Executing controller action with signature System.Threading.Tasks.Task`1[Microsoft.AspNetCore.Mvc.IActionResult] GetAll() on controller BorrowingService.Api.Controllers.BorrowingsController (BorrowingService.Api).
2025-11-27 00:46:59.941 +02:00 [INF] Executing OkObjectResult, writing value of type 'System.Collections.Generic.List`1[[BorrowingService.Bll.Dtos.BorrowingDto, BorrowingService.Bll, Version=1.0.0.0, Culture=neutral, PublicKeyToken=null]]'.
2025-11-27 00:46:59.946 +02:00 [INF] Executed action BorrowingService.Api.Controllers.BorrowingsController.GetAll (BorrowingService.Api) in 18.8679ms
2025-11-27 00:46:59.949 +02:00 [INF] Executed endpoint 'BorrowingService.Api.Controllers.BorrowingsController.GetAll (BorrowingService.Api)'
2025-11-27 00:46:59.950 +02:00 [INF] Request starting HTTP/1.1 GET http://localhost:5017/api/borrowings - null null
2025-11-27 00:46:59.952 +02:00 [INF] Request finished HTTP/1.1 GET http://localhost:5017/api/borrowings - 200 null application/json; charset=utf-8 40.5274ms
2025-11-27 00:46:59.957 +02:00 [INF] Executing endpoint 'BorrowingService.Api.Controllers.BorrowingsController.GetAll (BorrowingService.Api)'
2025-11-27 00:46:59.966 +02:00 [INF] Route matched with {action = "GetAll", controller = "Borrowings"}. Executing controller action with signature System.Threading.Tasks.Task`1[Microsoft.AspNetCore.Mvc.IActionResult] GetAll() on controller BorrowingService.Api.Controllers.BorrowingsController (BorrowingService.Api).
2025-11-27 00:46:59.981 +02:00 [INF] Executing OkObjectResult, writing value of type 'System.Collections.Generic.List`1[[BorrowingService.Bll.Dtos.BorrowingDto, BorrowingService.Bll, Version=1.0.0.0, Culture=neutral, PublicKeyToken=null]]'.
2025-11-27 00:46:59.983 +02:00 [INF] Executed action BorrowingService.Api.Controllers.BorrowingsController.GetAll (BorrowingService.Api) in 13.8772ms
2025-11-27 00:46:59.986 +02:00 [INF] Executed endpoint 'BorrowingService.Api.Controllers.BorrowingsController.GetAll (BorrowingService.Api)'
2025-11-27 00:46:59.988 +02:00 [INF] Request finished HTTP/1.1 GET http://localhost:5017/api/borrowings - 200 null application/json; charset=utf-8 37.6567ms
