2025-11-10 21:04:46.649 +02:00 [INF] Now listening on: http://localhost:5000
2025-11-10 21:04:46.721 +02:00 [INF] Application started. Press Ctrl+C to shut down.
2025-11-10 21:04:46.722 +02:00 [INF] Hosting environment: Production
2025-11-10 21:04:46.724 +02:00 [INF] Content root path: C:\Users\Admin\Documents\projects\LibrarySystem\BorrowingService\BorrowingService.Api\bin\Debug\net9.0
2025-11-10 21:07:56.781 +02:00 [INF] Request starting HTTP/1.1 GET http://localhost:5000/api/readers - null null
2025-11-10 21:07:56.839 +02:00 [INF] Executing endpoint 'BorrowingService.Api.Controllers.ReadersController.GetAll (BorrowingService.Api)'
2025-11-10 21:07:56.876 +02:00 [INF] Route matched with {action = "GetAll", controller = "Readers"}. Executing controller action with signature System.Threading.Tasks.Task`1[Microsoft.AspNetCore.Mvc.IActionResult] GetAll() on controller BorrowingService.Api.Controllers.ReadersController (BorrowingService.Api).
2025-11-10 21:07:57.385 +02:00 [INF] Executing OkObjectResult, writing value of type 'System.Collections.Generic.List`1[[BorrowingService.Bll.Dtos.ReaderDto, BorrowingService.Bll, Version=1.0.0.0, Culture=neutral, PublicKeyToken=null]]'.
2025-11-10 21:07:57.465 +02:00 [INF] Executed action BorrowingService.Api.Controllers.ReadersController.GetAll (BorrowingService.Api) in 579.6396ms
2025-11-10 21:07:57.466 +02:00 [INF] Request starting HTTP/1.1 GET http://localhost:5000/api/readers - null null
2025-11-10 21:07:57.471 +02:00 [INF] Executed endpoint 'BorrowingService.Api.Controllers.ReadersController.GetAll (BorrowingService.Api)'
2025-11-10 21:07:57.537 +02:00 [INF] Executing endpoint 'BorrowingService.Api.Controllers.ReadersController.GetAll (BorrowingService.Api)'
2025-11-10 21:07:57.540 +02:00 [INF] Route matched with {action = "GetAll", controller = "Readers"}. Executing controller action with signature System.Threading.Tasks.Task`1[Microsoft.AspNetCore.Mvc.IActionResult] GetAll() on controller BorrowingService.Api.Controllers.ReadersController (BorrowingService.Api).
2025-11-10 21:07:57.541 +02:00 [INF] Request finished HTTP/1.1 GET http://localhost:5000/api/readers - 200 null application/json; charset=utf-8 771.9753ms
2025-11-10 21:07:57.552 +02:00 [INF] Executing OkObjectResult, writing value of type 'System.Collections.Generic.List`1[[BorrowingService.Bll.Dtos.ReaderDto, BorrowingService.Bll, Version=1.0.0.0, Culture=neutral, PublicKeyToken=null]]'.
2025-11-10 21:07:57.557 +02:00 [INF] Executed action BorrowingService.Api.Controllers.ReadersController.GetAll (BorrowingService.Api) in 11.8393ms
2025-11-10 21:07:57.561 +02:00 [INF] Executed endpoint 'BorrowingService.Api.Controllers.ReadersController.GetAll (BorrowingService.Api)'
2025-11-10 21:07:57.565 +02:00 [INF] Request finished HTTP/1.1 GET http://localhost:5000/api/readers - 200 null application/json; charset=utf-8 98.6372ms
2025-11-10 21:07:59.104 +02:00 [INF] Request starting HTTP/1.1 GET http://localhost:5000/api/readers - null null
2025-11-10 21:07:59.114 +02:00 [INF] Executing endpoint 'BorrowingService.Api.Controllers.ReadersController.GetAll (BorrowingService.Api)'
2025-11-10 21:07:59.116 +02:00 [INF] Route matched with {action = "GetAll", controller = "Readers"}. Executing controller action with signature System.Threading.Tasks.Task`1[Microsoft.AspNetCore.Mvc.IActionResult] GetAll() on controller BorrowingService.Api.Controllers.ReadersController (BorrowingService.Api).
2025-11-10 21:07:59.122 +02:00 [INF] Executing OkObjectResult, writing value of type 'System.Collections.Generic.List`1[[BorrowingService.Bll.Dtos.ReaderDto, BorrowingService.Bll, Version=1.0.0.0, Culture=neutral, PublicKeyToken=null]]'.
2025-11-10 21:07:59.125 +02:00 [INF] Executed action BorrowingService.Api.Controllers.ReadersController.GetAll (BorrowingService.Api) in 5.7942ms
2025-11-10 21:07:59.131 +02:00 [INF] Executed endpoint 'BorrowingService.Api.Controllers.ReadersController.GetAll (BorrowingService.Api)'
2025-11-10 21:07:59.133 +02:00 [INF] Request finished HTTP/1.1 GET http://localhost:5000/api/readers - 200 null application/json; charset=utf-8 29.3229ms
2025-11-10 21:07:59.134 +02:00 [INF] Request starting HTTP/1.1 GET http://localhost:5000/api/readers - null null
2025-11-10 21:07:59.156 +02:00 [INF] Executing endpoint 'BorrowingService.Api.Controllers.ReadersController.GetAll (BorrowingService.Api)'
2025-11-10 21:07:59.158 +02:00 [INF] Route matched with {action = "GetAll", controller = "Readers"}. Executing controller action with signature System.Threading.Tasks.Task`1[Microsoft.AspNetCore.Mvc.IActionResult] GetAll() on controller BorrowingService.Api.Controllers.ReadersController (BorrowingService.Api).
2025-11-10 21:07:59.162 +02:00 [INF] Executing OkObjectResult, writing value of type 'System.Collections.Generic.List`1[[BorrowingService.Bll.Dtos.ReaderDto, BorrowingService.Bll, Version=1.0.0.0, Culture=neutral, PublicKeyToken=null]]'.
2025-11-10 21:07:59.164 +02:00 [INF] Executed action BorrowingService.Api.Controllers.ReadersController.GetAll (BorrowingService.Api) in 3.5805ms
2025-11-10 21:07:59.166 +02:00 [INF] Executed endpoint 'BorrowingService.Api.Controllers.ReadersController.GetAll (BorrowingService.Api)'
2025-11-10 21:07:59.168 +02:00 [INF] Request finished HTTP/1.1 GET http://localhost:5000/api/readers - 200 null application/json; charset=utf-8 33.9845ms
2025-11-10 21:08:00.520 +02:00 [INF] Request starting HTTP/1.1 GET http://localhost:5000/api/readers - null null
2025-11-10 21:08:00.525 +02:00 [INF] Executing endpoint 'BorrowingService.Api.Controllers.ReadersController.GetAll (BorrowingService.Api)'
2025-11-10 21:08:00.527 +02:00 [INF] Route matched with {action = "GetAll", controller = "Readers"}. Executing controller action with signature System.Threading.Tasks.Task`1[Microsoft.AspNetCore.Mvc.IActionResult] GetAll() on controller BorrowingService.Api.Controllers.ReadersController (BorrowingService.Api).
2025-11-10 21:08:00.533 +02:00 [INF] Executing OkObjectResult, writing value of type 'System.Collections.Generic.List`1[[BorrowingService.Bll.Dtos.ReaderDto, BorrowingService.Bll, Version=1.0.0.0, Culture=neutral, PublicKeyToken=null]]'.
2025-11-10 21:08:00.536 +02:00 [INF] Executed action BorrowingService.Api.Controllers.ReadersController.GetAll (BorrowingService.Api) in 4.144ms
2025-11-10 21:08:00.539 +02:00 [INF] Executed endpoint 'BorrowingService.Api.Controllers.ReadersController.GetAll (BorrowingService.Api)'
2025-11-10 21:08:00.541 +02:00 [INF] Request starting HTTP/1.1 GET http://localhost:5000/api/readers - null null
2025-11-10 21:08:00.544 +02:00 [INF] Request finished HTTP/1.1 GET http://localhost:5000/api/readers - 200 null application/json; charset=utf-8 24.2104ms
2025-11-10 21:08:00.550 +02:00 [INF] Executing endpoint 'BorrowingService.Api.Controllers.ReadersController.GetAll (BorrowingService.Api)'
2025-11-10 21:08:00.558 +02:00 [INF] Route matched with {action = "GetAll", controller = "Readers"}. Executing controller action with signature System.Threading.Tasks.Task`1[Microsoft.AspNetCore.Mvc.IActionResult] GetAll() on controller BorrowingService.Api.Controllers.ReadersController (BorrowingService.Api).
2025-11-10 21:08:00.562 +02:00 [INF] Executing OkObjectResult, writing value of type 'System.Collections.Generic.List`1[[BorrowingService.Bll.Dtos.ReaderDto, BorrowingService.Bll, Version=1.0.0.0, Culture=neutral, PublicKeyToken=null]]'.
2025-11-10 21:08:00.565 +02:00 [INF] Executed action BorrowingService.Api.Controllers.ReadersController.GetAll (BorrowingService.Api) in 3.1466ms
2025-11-10 21:08:00.567 +02:00 [INF] Executed endpoint 'BorrowingService.Api.Controllers.ReadersController.GetAll (BorrowingService.Api)'
2025-11-10 21:08:00.568 +02:00 [INF] Request finished HTTP/1.1 GET http://localhost:5000/api/readers - 200 null application/json; charset=utf-8 27.391ms
2025-11-10 21:08:06.877 +02:00 [INF] Request starting HTTP/1.1 POST http://localhost:5000/api/readers - application/json 57
2025-11-10 21:08:06.884 +02:00 [INF] CORS policy execution successful.
2025-11-10 21:08:06.888 +02:00 [INF] Executing endpoint 'BorrowingService.Api.Controllers.ReadersController.Create (BorrowingService.Api)'
2025-11-10 21:08:06.898 +02:00 [INF] Route matched with {action = "Create", controller = "Readers"}. Executing controller action with signature System.Threading.Tasks.Task`1[Microsoft.AspNetCore.Mvc.IActionResult] Create(BorrowingService.Bll.Dtos.ReaderDto) on controller BorrowingService.Api.Controllers.ReadersController (BorrowingService.Api).
2025-11-10 21:08:07.044 +02:00 [INF] Executing CreatedAtActionResult, writing value of type 'BorrowingService.Bll.Dtos.ReaderDto'.
2025-11-10 21:08:07.098 +02:00 [INF] Executed action BorrowingService.Api.Controllers.ReadersController.Create (BorrowingService.Api) in 195.1856ms
2025-11-10 21:08:07.103 +02:00 [INF] Executed endpoint 'BorrowingService.Api.Controllers.ReadersController.Create (BorrowingService.Api)'
2025-11-10 21:08:07.107 +02:00 [INF] Request finished HTTP/1.1 POST http://localhost:5000/api/readers - 201 null application/json; charset=utf-8 230.163ms
2025-11-10 21:10:04.474 +02:00 [INF] Request starting HTTP/1.1 GET http://localhost:5000/api/readers - null null
2025-11-10 21:10:04.481 +02:00 [INF] Executing endpoint 'BorrowingService.Api.Controllers.ReadersController.GetAll (BorrowingService.Api)'
2025-11-10 21:10:04.484 +02:00 [INF] Route matched with {action = "GetAll", controller = "Readers"}. Executing controller action with signature System.Threading.Tasks.Task`1[Microsoft.AspNetCore.Mvc.IActionResult] GetAll() on controller BorrowingService.Api.Controllers.ReadersController (BorrowingService.Api).
2025-11-10 21:10:04.501 +02:00 [INF] Executing OkObjectResult, writing value of type 'System.Collections.Generic.List`1[[BorrowingService.Bll.Dtos.ReaderDto, BorrowingService.Bll, Version=1.0.0.0, Culture=neutral, PublicKeyToken=null]]'.
2025-11-10 21:10:04.506 +02:00 [INF] Executed action BorrowingService.Api.Controllers.ReadersController.GetAll (BorrowingService.Api) in 18.8462ms
2025-11-10 21:10:04.512 +02:00 [INF] Executed endpoint 'BorrowingService.Api.Controllers.ReadersController.GetAll (BorrowingService.Api)'
2025-11-10 21:10:04.521 +02:00 [INF] Request finished HTTP/1.1 GET http://localhost:5000/api/readers - 200 null application/json; charset=utf-8 47.3767ms
2025-11-10 21:10:04.521 +02:00 [INF] Request starting HTTP/1.1 GET http://localhost:5000/api/readers - null null
2025-11-10 21:10:04.590 +02:00 [INF] Executing endpoint 'BorrowingService.Api.Controllers.ReadersController.GetAll (BorrowingService.Api)'
2025-11-10 21:10:04.594 +02:00 [INF] Route matched with {action = "GetAll", controller = "Readers"}. Executing controller action with signature System.Threading.Tasks.Task`1[Microsoft.AspNetCore.Mvc.IActionResult] GetAll() on controller BorrowingService.Api.Controllers.ReadersController (BorrowingService.Api).
2025-11-10 21:10:04.603 +02:00 [INF] Executing OkObjectResult, writing value of type 'System.Collections.Generic.List`1[[BorrowingService.Bll.Dtos.ReaderDto, BorrowingService.Bll, Version=1.0.0.0, Culture=neutral, PublicKeyToken=null]]'.
2025-11-10 21:10:04.609 +02:00 [INF] Executed action BorrowingService.Api.Controllers.ReadersController.GetAll (BorrowingService.Api) in 7.2164ms
2025-11-10 21:10:04.614 +02:00 [INF] Executed endpoint 'BorrowingService.Api.Controllers.ReadersController.GetAll (BorrowingService.Api)'
2025-11-10 21:10:04.618 +02:00 [INF] Request finished HTTP/1.1 GET http://localhost:5000/api/readers - 200 null application/json; charset=utf-8 96.6463ms
2025-11-10 21:10:14.617 +02:00 [INF] Request starting HTTP/1.1 GET http://localhost:5000/api/borrowings - null null
2025-11-10 21:10:14.622 +02:00 [INF] Executing endpoint 'BorrowingService.Api.Controllers.BorrowingsController.GetAll (BorrowingService.Api)'
2025-11-10 21:10:14.630 +02:00 [INF] Route matched with {action = "GetAll", controller = "Borrowings"}. Executing controller action with signature System.Threading.Tasks.Task`1[Microsoft.AspNetCore.Mvc.IActionResult] GetAll() on controller BorrowingService.Api.Controllers.BorrowingsController (BorrowingService.Api).
2025-11-10 21:10:14.770 +02:00 [INF] Executing OkObjectResult, writing value of type 'System.Collections.Generic.List`1[[BorrowingService.Domain.Entities.Borrowing, BorrowingService.Domain, Version=1.0.0.0, Culture=neutral, PublicKeyToken=null]]'.
2025-11-10 21:10:14.785 +02:00 [INF] Executed action BorrowingService.Api.Controllers.BorrowingsController.GetAll (BorrowingService.Api) in 152.1435ms
2025-11-10 21:10:14.788 +02:00 [INF] Executed endpoint 'BorrowingService.Api.Controllers.BorrowingsController.GetAll (BorrowingService.Api)'
2025-11-10 21:10:14.790 +02:00 [INF] Request starting HTTP/1.1 GET http://localhost:5000/api/borrowings - null null
2025-11-10 21:10:14.792 +02:00 [INF] Request finished HTTP/1.1 GET http://localhost:5000/api/borrowings - 200 null application/json; charset=utf-8 174.3404ms
2025-11-10 21:10:14.797 +02:00 [INF] Executing endpoint 'BorrowingService.Api.Controllers.BorrowingsController.GetAll (BorrowingService.Api)'
2025-11-10 21:10:14.805 +02:00 [INF] Route matched with {action = "GetAll", controller = "Borrowings"}. Executing controller action with signature System.Threading.Tasks.Task`1[Microsoft.AspNetCore.Mvc.IActionResult] GetAll() on controller BorrowingService.Api.Controllers.BorrowingsController (BorrowingService.Api).
2025-11-10 21:10:14.810 +02:00 [INF] Executing OkObjectResult, writing value of type 'System.Collections.Generic.List`1[[BorrowingService.Domain.Entities.Borrowing, BorrowingService.Domain, Version=1.0.0.0, Culture=neutral, PublicKeyToken=null]]'.
2025-11-10 21:10:14.813 +02:00 [INF] Executed action BorrowingService.Api.Controllers.BorrowingsController.GetAll (BorrowingService.Api) in 4.1967ms
2025-11-10 21:10:14.815 +02:00 [INF] Executed endpoint 'BorrowingService.Api.Controllers.BorrowingsController.GetAll (BorrowingService.Api)'
2025-11-10 21:10:14.818 +02:00 [INF] Request finished HTTP/1.1 GET http://localhost:5000/api/borrowings - 200 null application/json; charset=utf-8 28.1827ms
2025-11-10 21:10:16.596 +02:00 [INF] Request starting HTTP/1.1 GET http://localhost:5000/api/books - null null
2025-11-10 21:10:16.597 +02:00 [INF] Request starting HTTP/1.1 GET http://localhost:5000/api/readers - null null
2025-11-10 21:10:16.606 +02:00 [INF] Request finished HTTP/1.1 GET http://localhost:5000/api/books - 404 0 null 9.8197ms
2025-11-10 21:10:16.612 +02:00 [INF] Executing endpoint 'BorrowingService.Api.Controllers.ReadersController.GetAll (BorrowingService.Api)'
2025-11-10 21:10:16.613 +02:00 [INF] Request starting HTTP/1.1 GET http://localhost:5000/api/books - null null
2025-11-10 21:10:16.624 +02:00 [INF] Request reached the end of the middleware pipeline without being handled by application code. Request path: GET http://localhost:5000/api/books, Response status code: 404
2025-11-10 21:10:16.626 +02:00 [INF] Route matched with {action = "GetAll", controller = "Readers"}. Executing controller action with signature System.Threading.Tasks.Task`1[Microsoft.AspNetCore.Mvc.IActionResult] GetAll() on controller BorrowingService.Api.Controllers.ReadersController (BorrowingService.Api).
2025-11-10 21:10:16.632 +02:00 [INF] Request finished HTTP/1.1 GET http://localhost:5000/api/books - 404 0 null 18.6535ms
2025-11-10 21:10:16.642 +02:00 [INF] Executing OkObjectResult, writing value of type 'System.Collections.Generic.List`1[[BorrowingService.Bll.Dtos.ReaderDto, BorrowingService.Bll, Version=1.0.0.0, Culture=neutral, PublicKeyToken=null]]'.
2025-11-10 21:10:16.649 +02:00 [INF] Request reached the end of the middleware pipeline without being handled by application code. Request path: GET http://localhost:5000/api/books, Response status code: 404
2025-11-10 21:10:16.652 +02:00 [INF] Executed action BorrowingService.Api.Controllers.ReadersController.GetAll (BorrowingService.Api) in 11.2424ms
2025-11-10 21:10:16.658 +02:00 [INF] Request starting HTTP/1.1 GET http://localhost:5000/api/readers - null null
2025-11-10 21:10:16.659 +02:00 [INF] Executed endpoint 'BorrowingService.Api.Controllers.ReadersController.GetAll (BorrowingService.Api)'
2025-11-10 21:10:16.665 +02:00 [INF] Executing endpoint 'BorrowingService.Api.Controllers.ReadersController.GetAll (BorrowingService.Api)'
2025-11-10 21:10:16.668 +02:00 [INF] Request finished HTTP/1.1 GET http://localhost:5000/api/readers - 200 null application/json; charset=utf-8 71.1197ms
2025-11-10 21:10:16.671 +02:00 [INF] Route matched with {action = "GetAll", controller = "Readers"}. Executing controller action with signature System.Threading.Tasks.Task`1[Microsoft.AspNetCore.Mvc.IActionResult] GetAll() on controller BorrowingService.Api.Controllers.ReadersController (BorrowingService.Api).
2025-11-10 21:10:16.686 +02:00 [INF] Executing OkObjectResult, writing value of type 'System.Collections.Generic.List`1[[BorrowingService.Bll.Dtos.ReaderDto, BorrowingService.Bll, Version=1.0.0.0, Culture=neutral, PublicKeyToken=null]]'.
2025-11-10 21:10:16.689 +02:00 [INF] Executed action BorrowingService.Api.Controllers.ReadersController.GetAll (BorrowingService.Api) in 4.4229ms
2025-11-10 21:10:16.694 +02:00 [INF] Executed endpoint 'BorrowingService.Api.Controllers.ReadersController.GetAll (BorrowingService.Api)'
2025-11-10 21:10:16.697 +02:00 [INF] Request finished HTTP/1.1 GET http://localhost:5000/api/readers - 200 null application/json; charset=utf-8 38.8361ms
